Component: Arm Compiler for Embedded 6.22 Tool: armlink [5ee90200]

==============================================================================

Section Cross References

    main.o(.text.main) refers to main.o(.text.SystemClock_Config) for SystemClock_Config
    main.o(.text.main) refers to main.o(.text.SysTick_Init) for SysTick_Init
    main.o(.text.main) refers to main.o(.text.GPIO_Init) for GPIO_Init
    main.o(.text.main) refers to main.o(.text.SPI1_Init) for SPI1_Init
    main.o(.text.main) refers to main.o(.text.ADC1_Init) for ADC1_Init
    main.o(.text.main) refers to main.o(.text.SER_Init) for SER_Init
    main.o(.text.main) refers to main.o(.text.BMP280_Init_Sensor) for BMP280_Init_Sensor
    main.o(.text.main) refers to main.o(.text.BMP280_GetTemp) for BMP280_GetTemp
    main.o(.text.main) refers to main.o(.bss.live_Temp) for live_Temp
    main.o(.text.main) refers to main.o(.text.BMP280_GetPress) for BMP280_GetPress
    main.o(.text.main) refers to main.o(.bss.live_Press) for live_Press
    main.o(.text.main) refers to main.o(.text.ADC1_Read) for ADC1_Read
    main.o(.text.main) refers to main.o(.bss.live_Gas) for live_Gas
    main.o(.text.main) refers to main.o(.text.Get_Sound_Amplitude) for Get_Sound_Amplitude
    main.o(.text.main) refers to main.o(.bss.live_Sound) for live_Sound
    main.o(.text.main) refers to main.o(.text.Read_Vibration) for Read_Vibration
    main.o(.text.main) refers to main.o(.bss.live_Vibration) for live_Vibration
    main.o(.text.main) refers to main.o(.bss.msTicks) for msTicks
    main.o(.text.main) refers to f2d.o(x$fpl$f2d) for __aeabi_f2d
    main.o(.text.main) refers to main.o(.rodata.str1.1) for .L.str
    main.o(.text.main) refers to sprintf.o(.text) for sprintf
    main.o(.text.main) refers to main.o(.text.SER_SendString) for SER_SendString
    main.o(.ARM.exidx.text.main) refers to main.o(.text.main) for [Anonymous Symbol]
    main.o(.ARM.exidx.text.SystemClock_Config) refers to main.o(.text.SystemClock_Config) for [Anonymous Symbol]
    main.o(.text.SysTick_Init) refers to main.o(.text.SysTick_Config) for SysTick_Config
    main.o(.ARM.exidx.text.SysTick_Init) refers to main.o(.text.SysTick_Init) for [Anonymous Symbol]
    main.o(.ARM.exidx.text.GPIO_Init) refers to main.o(.text.GPIO_Init) for [Anonymous Symbol]
    main.o(.ARM.exidx.text.SPI1_Init) refers to main.o(.text.SPI1_Init) for [Anonymous Symbol]
    main.o(.ARM.exidx.text.ADC1_Init) refers to main.o(.text.ADC1_Init) for [Anonymous Symbol]
    main.o(.ARM.exidx.text.SER_Init) refers to main.o(.text.SER_Init) for [Anonymous Symbol]
    main.o(.text.BMP280_Init_Sensor) refers to main.o(.text.BMP280_ReadRegs) for BMP280_ReadRegs
    main.o(.text.BMP280_Init_Sensor) refers to main.o(.bss.calibData) for calibData
    main.o(.text.BMP280_Init_Sensor) refers to main.o(.text.BMP280_WriteReg) for BMP280_WriteReg
    main.o(.ARM.exidx.text.BMP280_Init_Sensor) refers to main.o(.text.BMP280_Init_Sensor) for [Anonymous Symbol]
    main.o(.text.BMP280_GetTemp) refers to main.o(.text.BMP280_ReadRegs) for BMP280_ReadRegs
    main.o(.text.BMP280_GetTemp) refers to dflt_clz.o(x$fpl$dflt) for __aeabi_i2d
    main.o(.text.BMP280_GetTemp) refers to ddiv.o(x$fpl$ddiv) for __aeabi_ddiv
    main.o(.text.BMP280_GetTemp) refers to main.o(.bss.calibData) for calibData
    main.o(.text.BMP280_GetTemp) refers to dflt_clz.o(x$fpl$dfltu) for __aeabi_ui2d
    main.o(.text.BMP280_GetTemp) refers to daddsub_clz.o(x$fpl$dadd) for __aeabi_dadd
    main.o(.text.BMP280_GetTemp) refers to dmul.o(x$fpl$dmul) for __aeabi_dmul
    main.o(.text.BMP280_GetTemp) refers to dfix.o(x$fpl$dfix) for __aeabi_d2iz
    main.o(.text.BMP280_GetTemp) refers to main.o(.bss.t_fine) for t_fine
    main.o(.text.BMP280_GetTemp) refers to d2f.o(x$fpl$d2f) for __aeabi_d2f
    main.o(.ARM.exidx.text.BMP280_GetTemp) refers to main.o(.text.BMP280_GetTemp) for [Anonymous Symbol]
    main.o(.text.BMP280_GetPress) refers to main.o(.text.BMP280_GetTemp) for BMP280_GetTemp
    main.o(.text.BMP280_GetPress) refers to main.o(.text.BMP280_ReadRegs) for BMP280_ReadRegs
    main.o(.text.BMP280_GetPress) refers to main.o(.bss.t_fine) for t_fine
    main.o(.text.BMP280_GetPress) refers to dflt_clz.o(x$fpl$dflt) for __aeabi_i2d
    main.o(.text.BMP280_GetPress) refers to ddiv.o(x$fpl$ddiv) for __aeabi_ddiv
    main.o(.text.BMP280_GetPress) refers to daddsub_clz.o(x$fpl$dadd) for __aeabi_dadd
    main.o(.text.BMP280_GetPress) refers to dmul.o(x$fpl$dmul) for __aeabi_dmul
    main.o(.text.BMP280_GetPress) refers to main.o(.bss.calibData) for calibData
    main.o(.text.BMP280_GetPress) refers to dflt_clz.o(x$fpl$dfltu) for __aeabi_ui2d
    main.o(.text.BMP280_GetPress) refers to dcmp.o(x$fpl$fcmp) for __aeabi_dcmpeq
    main.o(.text.BMP280_GetPress) refers to daddsub_clz.o(x$fpl$dsub) for __aeabi_dsub
    main.o(.text.BMP280_GetPress) refers to d2f.o(x$fpl$d2f) for __aeabi_d2f
[...]
    ../fplib/printf2.s                       0x00000000   Number         0  printf2.o ABSOLUTE
    ../fplib/printf2a.s                      0x00000000   Number         0  printf2a.o ABSOLUTE
    ../fplib/printf2b.s                      0x00000000   Number         0  printf2b.o ABSOLUTE
    ../fplib/usenofp.s                       0x00000000   Number         0  usenofp.o ABSOLUTE
    ../mathlib/fpclassify.c                  0x00000000   Number         0  fpclassify.o ABSOLUTE
    RTE/Device/STM32F407VGTx/startup_stm32f407xx.s 0x00000000   Number         0  startup_stm32f407xx.o ABSOLUTE
    dc.s                                     0x00000000   Number         0  dc.o ABSOLUTE
    main.c                                   0x00000000   Number         0  main.o ABSOLUTE
    system_stm32f4xx.c                       0x00000000   Number         0  system_stm32f4xx.o ABSOLUTE
    RESET                                    0x08000000   Section      392  startup_stm32f407xx.o(RESET)
    !!!main                                  0x08000188   Section        8  __main.o(!!!main)
    !!!scatter                               0x08000190   Section       92  __scatter.o(!!!scatter)
    !!handler_null                           0x080001ec   Section        2  __scatter.o(!!handler_null)
    !!handler_zi                             0x080001f0   Section       28  __scatter_zi.o(!!handler_zi)
    .ARM.Collect$$_printf_percent$$00000000  0x0800020c   Section        0  _printf_percent.o(.ARM.Collect$$_printf_percent$$00000000)
    .ARM.Collect$$_printf_percent$$00000001  0x0800020c   Section        6  _printf_n.o(.ARM.Collect$$_printf_percent$$00000001)
    .ARM.Collect$$_printf_percent$$00000002  0x08000212   Section        6  _printf_p.o(.ARM.Collect$$_printf_percent$$00000002)
    .ARM.Collect$$_printf_percent$$00000003  0x08000218   Section        6  _printf_f.o(.ARM.Collect$$_printf_percent$$00000003)
    .ARM.Collect$$_printf_percent$$00000004  0x0800021e   Section        6  _printf_e.o(.ARM.Collect$$_printf_percent$$00000004)
    .ARM.Collect$$_printf_percent$$00000005  0x08000224   Section        6  _printf_g.o(.ARM.Collect$$_printf_percent$$00000005)
    .ARM.Collect$$_printf_percent$$00000006  0x0800022a   Section        6  _printf_a.o(.ARM.Collect$$_printf_percent$$00000006)
    .ARM.Collect$$_printf_percent$$00000007  0x08000230   Section       10  _printf_ll.o(.ARM.Collect$$_printf_percent$$00000007)
    .ARM.Collect$$_printf_percent$$00000008  0x0800023a   Section        6  _printf_i.o(.ARM.Collect$$_printf_percent$$00000008)
    .ARM.Collect$$_printf_percent$$00000009  0x08000240   Section        6  _printf_d.o(.ARM.Collect$$_printf_percent$$00000009)
    .ARM.Collect$$_printf_percent$$0000000A  0x08000246   Section        6  _printf_u.o(.ARM.Collect$$_printf_percent$$0000000A)
    .ARM.Collect$$_printf_percent$$0000000B  0x0800024c   Section        6  _printf_o.o(.ARM.Collect$$_printf_percent$$0000000B)
    .ARM.Collect$$_printf_percent$$0000000C  0x08000252   Section        6  _printf_x.o(.ARM.Collect$$_printf_percent$$0000000C)
    .ARM.Collect$$_printf_percent$$0000000D  0x08000258   Section        6  _printf_lli.o(.ARM.Collect$$_printf_percent$$0000000D)
    .ARM.Collect$$_printf_percent$$0000000E  0x0800025e   Section        6  _printf_lld.o(.ARM.Collect$$_printf_percent$$0000000E)
    .ARM.Collect$$_printf_percent$$0000000F  0x08000264   Section        6  _printf_llu.o(.ARM.Collect$$_printf_percent$$0000000F)
    .ARM.Collect$$_printf_percent$$00000010  0x0800026a   Section        6  _printf_llo.o(.ARM.Collect$$_printf_percent$$00000010)
    .ARM.Collect$$_printf_percent$$00000011  0x08000270   Section        6  _printf_llx.o(.ARM.Collect$$_printf_percent$$00000011)
    .ARM.Collect$$_printf_percent$$00000012  0x08000276   Section       10  _printf_l.o(.ARM.Collect$$_printf_percent$$00000012)
    .ARM.Collect$$_printf_percent$$00000013  0x08000280   Section        6  _printf_c.o(.ARM.Collect$$_printf_percent$$00000013)
    .ARM.Collect$$_printf_percent$$00000014  0x08000286   Section        6  _printf_s.o(.ARM.Collect$$_printf_percent$$00000014)
    .ARM.Collect$$_printf_percent$$00000015  0x0800028c   Section        6  _printf_lc.o(.ARM.Collect$$_printf_percent$$00000015)
    .ARM.Collect$$_printf_percent$$00000016  0x08000292   Section        6  _printf_ls.o(.ARM.Collect$$_printf_percent$$00000016)
    .ARM.Collect$$_printf_percent$$00000017  0x08000298   Section        4  _printf_percent_end.o(.ARM.Collect$$_printf_percent$$00000017)
    .ARM.Collect$$libinit$$00000000          0x0800029c   Section        2  libinit.o(.ARM.Collect$$libinit$$00000000)
    .ARM.Collect$$libinit$$00000001          0x0800029e   Section        4  libinit2.o(.ARM.Collect$$libinit$$00000001)
    .ARM.Collect$$libinit$$00000004          0x080002a2   Section        0  libinit2.o(.ARM.Collect$$libinit$$00000004)
    .ARM.Collect$$libinit$$00000006          0x080002a2   Section        0  libinit2.o(.ARM.Collect$$libinit$$00000006)
    .ARM.Collect$$libinit$$0000000C          0x080002a2   Section        0  libinit2.o(.ARM.Collect$$libinit$$0000000C)
    .ARM.Collect$$libinit$$0000000E          0x080002a2   Section        0  libinit2.o(.ARM.Collect$$libinit$$0000000E)
    .ARM.Collect$$libinit$$00000010          0x080002a2   Section        0  libinit2.o(.ARM.Collect$$libinit$$00000010)
    .ARM.Collect$$libinit$$00000011          0x080002a2   Section        6  libinit2.o(.ARM.Collect$$libinit$$00000011)
    .ARM.Collect$$libinit$$00000013          0x080002a8   Section        0  libinit2.o(.ARM.Collect$$libinit$$00000013)
    .ARM.Collect$$libinit$$00000014          0x080002a8   Section       12  libinit2.o(.ARM.Collect$$libinit$$00000014)
    .ARM.Collect$$libinit$$00000015          0x080002b4   Section        0  libinit2.o(.ARM.Collect$$libinit$$00000015)
    .ARM.Collect$$libinit$$00000017          0x080002b4   Section        0  libinit2.o(.ARM.Collect$$libinit$$00000017)
    .ARM.Collect$$libinit$$00000018          0x080002b4   Section       10  libinit2.o(.ARM.Collect$$libinit$$00000018)
    .ARM.Collect$$libinit$$00000019          0x080002be   Section        0  libinit2.o(.ARM.Collect$$libinit$$00000019)
    .ARM.Collect$$libinit$$0000001B          0x080002be   Section        0  libinit2.o(.ARM.Collect$$libinit$$0000001B)
    .ARM.Collect$$libinit$$0000001D          0x080002be   Section        0  libinit2.o(.ARM.Collect$$libinit$$0000001D)
    .ARM.Collect$$libinit$$0000001F          0x080002be   Section        0  libinit2.o(.ARM.Collect$$libinit$$0000001F)
    .ARM.Collect$$libinit$$00000021          0x080002be   Section        0  libinit2.o(.ARM.Collect$$libinit$$00000021)
    .ARM.Collect$$libinit$$00000023          0x080002be   Section        0  libinit2.o(.ARM.Collect$$libinit$$00000023)
    .ARM.Collect$$libinit$$00000025          0x080002be   Section        0  libinit2.o(.ARM.Collect$$libinit$$00000025)
    .ARM.Collect$$libinit$$00000027          0x080002be   Section        0  libinit2.o(.ARM.Collect$$libinit$$00000027)
    .ARM.Collect$$libinit$$0000002E          0x080002be   Section        0  libinit2.o(.ARM.Collect$$libinit$$0000002E)
    .ARM.Collect$$libinit$$00000030          0x080002be   Section        0  libinit2.o(.ARM.Collect$$libinit$$00000030)
    .ARM.Collect$$libinit$$00000032          0x080002be   Section        0  libinit2.o(.ARM.Collect$$libinit$$00000032)
    .ARM.Collect$$libinit$$00000034          0x080002be   Section        0  libinit2.o(.ARM.Collect$$libinit$$00000034)
    .ARM.Collect$$libinit$$00000035          0x080002be   Section        2  libinit2.o(.ARM.Collect$$libinit$$00000035)
    .ARM.Collect$$libshutdown$$00000000      0x080002c0   Section        2  libshutdown.o(.ARM.Collect$$libshutdown$$00000000)
    .ARM.Collect$$libshutdown$$00000002      0x080002c2   Section        0  libshutdown2.o(.ARM.Collect$$libshutdown$$00000002)
    .ARM.Collect$$libshutdown$$00000004      0x080002c2   Section        0  libshutdown2.o(.ARM.Collect$$libshutdown$$00000004)
    .ARM.Collect$$libshutdown$$00000007      0x080002c2   Section        0  libshutdown2.o(.ARM.Collect$$libshutdown$$00000007)
    .ARM.Collect$$libshutdown$$0000000A      0x080002c2   Section        0  libshutdown2.o(.ARM.Collect$$libshutdown$$0000000A)
    .ARM.Collect$$libshutdown$$0000000C      0x080002c2   Section        0  libshutdown2.o(.ARM.Collect$$libshutdown$$0000000C)
    .ARM.Collect$$libshutdown$$0000000F      0x080002c2   Section        0  libshutdown2.o(.ARM.Collect$$libshutdown$$0000000F)
    .ARM.Collect$$libshutdown$$00000010      0x080002c2   Section        2  libshutdown2.o(.ARM.Collect$$libshutdown$$00000010)
    .ARM.Collect$$rtentry$$00000000          0x080002c4   Section        0  __rtentry.o(.ARM.Collect$$rtentry$$00000000)
    .ARM.Collect$$rtentry$$00000002          0x080002c4   Section        0  __rtentry2.o(.ARM.Collect$$rtentry$$00000002)
    .ARM.Collect$$rtentry$$00000004          0x080002c4   Section        6  __rtentry4.o(.ARM.Collect$$rtentry$$00000004)
    .ARM.Collect$$rtentry$$00000009          0x080002ca   Section        0  __rtentry2.o(.ARM.Collect$$rtentry$$00000009)
    .ARM.Collect$$rtentry$$0000000A          0x080002ca   Section        4  __rtentry2.o(.ARM.Collect$$rtentry$$0000000A)
    .ARM.Collect$$rtentry$$0000000C          0x080002ce   Section        0  __rtentry2.o(.ARM.Collect$$rtentry$$0000000C)
    .ARM.Collect$$rtentry$$0000000D          0x080002ce   Section        8  __rtentry2.o(.ARM.Collect$$rtentry$$0000000D)
    .ARM.Collect$$rtexit$$00000000           0x080002d6   Section        2  rtexit.o(.ARM.Collect$$rtexit$$00000000)
    .ARM.Collect$$rtexit$$00000002           0x080002d8   Section        0  rtexit2.o(.ARM.Collect$$rtexit$$00000002)
    .ARM.Collect$$rtexit$$00000003           0x080002d8   Section        4  rtexit2.o(.ARM.Collect$$rtexit$$00000003)
    .ARM.Collect$$rtexit$$00000004           0x080002dc   Section        6  rtexit2.o(.ARM.Collect$$rtexit$$00000004)
    $v0                                      0x080002e4   Number         0  startup_stm32f407xx.o(.text)
    .text                                    0x080002e4   Section       64  startup_stm32f407xx.o(.text)
    .text                                    0x08000324   Section        0  sprintf.o(.text)
    .text                                    0x08000350   Section        0  heapauxi.o(.text)
    .text                                    0x08000356   Section        0  _printf_pad.o(.text)
    .text                                    0x080003a4   Section        0  _printf_truncate.o(.text)
    .text                                    0x080003c8   Section        0  _printf_str.o(.text)
    .text                                    0x0800041c   Section        0  _printf_dec.o(.text)
    .text                                    0x08000494   Section        0  _printf_charcount.o(.text)
    _printf_input_char                       0x080004bd   Thumb Code    10  _printf_char_common.o(.text)
    .text                                    0x080004bc   Section        0  _printf_char_common.o(.text)
    .text                                    0x080004ec   Section        0  _sputc.o(.text)
    .text                                    0x080004f8   Section        0  _printf_wctomb.o(.text)
    .text                                    0x080005b4   Section        0  _printf_longlong_dec.o(.text)
    _printf_longlong_oct_internal            0x08000631   Thumb Code     0  _printf_oct_int_ll.o(.text)
    .text                                    0x08000630   Section        0  _printf_oct_int_ll.o(.text)
    _printf_hex_common                       0x080006a1   Thumb Code     0  _printf_hex_int_ll_ptr.o(.text)
    .text                                    0x080006a0   Section        0  _printf_hex_int_ll_ptr.o(.text)
    .text                                    0x08000734   Section        0  __printf_flags_ss_wp.o(.text)
    .text                                    0x080008bc   Section      138  lludiv10.o(.text)
    .text                                    0x08000946   Section        0  _printf_intcommon.o(.text)
    _fp_digits                               0x080009f9   Thumb Code   432  _printf_fp_dec.o(.text)
    .text                                    0x080009f8   Section        0  _printf_fp_dec.o(.text)
    .text                                    0x08000e14   Section        0  _printf_fp_hex.o(.text)
    .text                                    0x08001110   Section        0  _printf_char.o(.text)
    .text                                    0x0800113c   Section        0  _printf_wchar.o(.text)
    .text                                    0x08001168   Section        0  _c16rtomb.o(.text)
    .text                                    0x080011b0   Section       74  sys_stackheap_outer.o(.text)
    .text                                    0x080011fc   Section       16  rt_ctype_table.o(.text)
    .text                                    0x0800120c   Section        8  rt_locale_intlibspace.o(.text)
    .text                                    0x08001214   Section        0  _printf_fp_infnan.o(.text)
    .text                                    0x08001294   Section        0  bigflt0.o(.text)
    .text                                    0x08001378   Section        0  exit.o(.text)
    .text                                    0x0800138c   Section        8  libspace.o(.text)
    .text                                    0x08001398   Section      124  strcmpv7em.o(.text)
    .text                                    0x08001414   Section        0  sys_exit.o(.text)
    .text                                    0x08001420   Section        2  use_no_semi.o(.text)
    .text                                    0x08001422   Section        0  indicate_semi.o(.text)
    [Anonymous Symbol]                       0x08001424   Section        0  main.o(.text.ADC1_Init)
    [Anonymous Symbol]                       0x08001470   Section        0  main.o(.text.ADC1_Read)
    [Anonymous Symbol]                       0x080014c0   Section        0  main.o(.text.BMP280_GetPress)
    [Anonymous Symbol]                       0x08001988   Section        0  main.o(.text.BMP280_GetTemp)
    [Anonymous Symbol]                       0x08001b68   Section        0  main.o(.text.BMP280_Init_Sensor)
    [Anonymous Symbol]                       0x08001c3c   Section        0  main.o(.text.BMP280_ReadRegs)
    [Anonymous Symbol]                       0x08001c98   Section        0  main.o(.text.BMP280_WriteReg)
    [Anonymous Symbol]                       0x08001cd0   Section        0  main.o(.text.GPIO_Init)
    [Anonymous Symbol]                       0x08001d78   Section        0  main.o(.text.Get_Sound_Amplitude)
    [Anonymous Symbol]                       0x08001ddc   Section        0  main.o(.text.Read_Vibration)
    [Anonymous Symbol]                       0x08001dec   Section        0  main.o(.text.SER_Init)
    [Anonymous Symbol]                       0x08001e54   Section        0  main.o(.text.SER_SendString)
    [Anonymous Symbol]                       0x08001e90   Section        0  main.o(.text.SPI1_Init)
    [Anonymous Symbol]                       0x08001eb8   Section        0  main.o(.text.SPI1_Transfer)
    SysTick_Config                           0x08001f1d   Thumb Code    82  main.o(.text.SysTick_Config)
    [Anonymous Symbol]                       0x08001f1c   Section        0  main.o(.text.SysTick_Config)
    [Anonymous Symbol]                       0x08001f70   Section        0  main.o(.text.SysTick_Handler)
    [Anonymous Symbol]                       0x08001f80   Section        0  main.o(.text.SysTick_Init)
    [Anonymous Symbol]                       0x08001f90   Section        0  main.o(.text.SystemClock_Config)
    [Anonymous Symbol]                       0x08002038   Section        0  system_stm32f4xx.o(.text.SystemInit)
    __NVIC_SetPriority                       0x0800204d   Thumb Code    66  main.o(.text.__NVIC_SetPriority)
    [Anonymous Symbol]                       0x0800204c   Section        0  main.o(.text.__NVIC_SetPriority)
    [Anonymous Symbol]                       0x08002090   Section        0  main.o(.text.main)
    CL$$btod_d2e                             0x080021ae   Section       62  btod.o(CL$$btod_d2e)
    CL$$btod_d2e_denorm_low                  0x080021ec   Section       70  btod.o(CL$$btod_d2e_denorm_low)
    CL$$btod_d2e_norm_op1                    0x08002232   Section       96  btod.o(CL$$btod_d2e_norm_op1)
    CL$$btod_div_common                      0x08002294   Section      824  btod.o(CL$$btod_div_common)
    CL$$btod_e2e                             0x080025cc   Section      220  btod.o(CL$$btod_e2e)
    CL$$btod_ediv                            0x080026a8   Section       42  btod.o(CL$$btod_ediv)
    CL$$btod_emul                            0x080026d2   Section       42  btod.o(CL$$btod_emul)
    CL$$btod_mult_common                     0x080026fc   Section      580  btod.o(CL$$btod_mult_common)
    i.__ARM_fpclassify                       0x08002940   Section        0  fpclassify.o(i.__ARM_fpclassify)
    i._is_digit                              0x08002970   Section        0  __printf_wp.o(i._is_digit)
    locale$$code                             0x08002980   Section       44  lc_numeric_c.o(locale$$code)
    locale$$code                             0x080029ac   Section       44  lc_ctype_c.o(locale$$code)
    $v0                                      0x080029d8   Number         0  d2f.o(x$fpl$d2f)
    x$fpl$d2f                                0x080029d8   Section       98  d2f.o(x$fpl$d2f)
    $v0                                      0x08002a3c   Number         0  daddsub_clz.o(x$fpl$dadd)
    x$fpl$dadd                               0x08002a3c   Section      336  daddsub_clz.o(x$fpl$dadd)
    _dadd1                                   0x08002a4d   Thumb Code     0  daddsub_clz.o(x$fpl$dadd)
    $v0                                      0x08002b8c   Number         0  dcmpi.o(x$fpl$dcmpinf)
    x$fpl$dcmpinf                            0x08002b8c   Section       24  dcmpi.o(x$fpl$dcmpinf)
    $v0                                      0x08002ba4   Number         0  ddiv.o(x$fpl$ddiv)
    x$fpl$ddiv                               0x08002ba4   Section      696  ddiv.o(x$fpl$ddiv)
    ddiv_entry                               0x08002bab   Thumb Code     0  ddiv.o(x$fpl$ddiv)
    $v0                                      0x08002e5c   Number         0  deqf.o(x$fpl$deqf)
    x$fpl$deqf                               0x08002e5c   Section      120  deqf.o(x$fpl$deqf)
    $v0                                      0x08002ed4   Number         0  dfix.o(x$fpl$dfix)
    x$fpl$dfix                               0x08002ed4   Section       94  dfix.o(x$fpl$dfix)
    $v0                                      0x08002f32   Number         0  dflt_clz.o(x$fpl$dflt)
    x$fpl$dflt                               0x08002f32   Section       46  dflt_clz.o(x$fpl$dflt)
    $v0                                      0x08002f60   Number         0  dflt_clz.o(x$fpl$dfltu)
    x$fpl$dfltu                              0x08002f60   Section       38  dflt_clz.o(x$fpl$dfltu)
    $v0                                      0x08002f88   Number         0  dgeqf.o(x$fpl$dgeqf)
    x$fpl$dgeqf                              0x08002f88   Section      120  dgeqf.o(x$fpl$dgeqf)
    $v0                                      0x08003000   Number         0  dleqf.o(x$fpl$dleqf)
    x$fpl$dleqf                              0x08003000   Section      120  dleqf.o(x$fpl$dleqf)
    $v0                                      0x08003078   Number         0  dmul.o(x$fpl$dmul)
    x$fpl$dmul                               0x08003078   Section      340  dmul.o(x$fpl$dmul)
    $v0                                      0x080031cc   Number         0  dnaninf.o(x$fpl$dnaninf)
    x$fpl$dnaninf                            0x080031cc   Section      156  dnaninf.o(x$fpl$dnaninf)
    $v0                                      0x08003268   Number         0  dretinf.o(x$fpl$dretinf)
    x$fpl$dretinf                            0x08003268   Section       12  dretinf.o(x$fpl$dretinf)
    $v0                                      0x08003274   Number         0  daddsub_clz.o(x$fpl$dsub)
    x$fpl$dsub                               0x08003274   Section      476  daddsub_clz.o(x$fpl$dsub)
    _dsub1                                   0x08003285   Thumb Code     0  daddsub_clz.o(x$fpl$dsub)
    $v0                                      0x08003450   Number         0  f2d.o(x$fpl$f2d)
    x$fpl$f2d                                0x08003450   Section       86  f2d.o(x$fpl$f2d)
    $v0                                      0x080034a6   Number         0  dcmp.o(x$fpl$fcmp)
    x$fpl$fcmp                               0x080034a6   Section       84  dcmp.o(x$fpl$fcmp)
    $v0                                      0x080034fa   Number         0  fnaninf.o(x$fpl$fnaninf)
    x$fpl$fnaninf                            0x080034fa   Section      140  fnaninf.o(x$fpl$fnaninf)
    $v0                                      0x08003586   Number         0  fpinit.o(x$fpl$fpinit)
    x$fpl$fpinit                             0x08003586   Section       26  fpinit.o(x$fpl$fpinit)
    $v0                                      0x080035a0   Number         0  fretinf.o(x$fpl$fretinf)
    x$fpl$fretinf                            0x080035a0   Section       10  fretinf.o(x$fpl$fretinf)
    $v0                                      0x080035aa   Number         0  printf1.o(x$fpl$printf1)
    x$fpl$printf1                            0x080035aa   Section        4  printf1.o(x$fpl$printf1)
    $v0                                      0x080035ae   Number         0  printf2.o(x$fpl$printf2)
    x$fpl$printf2                            0x080035ae   Section        4  printf2.o(x$fpl$printf2)
    x$fpl$usenofp                            0x080035b2   Section        0  usenofp.o(x$fpl$usenofp)
    initial_mbstate                          0x080035b4   Data           8  _printf_wctomb.o(.constdata)
    .constdata                               0x080035b4   Section        8  _printf_wctomb.o(.constdata)
    uc_hextab                                0x080035bc   Data          20  _printf_hex_int_ll_ptr.o(.constdata)
    .constdata                               0x080035bc   Section       40  _printf_hex_int_ll_ptr.o(.constdata)
    lc_hextab                                0x080035d0   Data          20  _printf_hex_int_ll_ptr.o(.constdata)
    maptable                                 0x080035e4   Data          17  __printf_flags_ss_wp.o(.constdata)
    .constdata                               0x080035e4   Section       17  __printf_flags_ss_wp.o(.constdata)
    lc_hextab                                0x080035f5   Data          19  _printf_fp_hex.o(.constdata)
    .constdata                               0x080035f5   Section       38  _printf_fp_hex.o(.constdata)
    uc_hextab                                0x08003608   Data          19  _printf_fp_hex.o(.constdata)
    tenpwrs_x                                0x0800361c   Data          60  bigflt0.o(.constdata)
    .constdata                               0x0800361c   Section      148  bigflt0.o(.constdata)
    tenpwrs_i                                0x08003658   Data          64  bigflt0.o(.constdata)
    .L.str                                   0x080036b0   Data          20  main.o(.rodata.str1.1)
    [Anonymous Symbol]                       0x080036b0   Section        0  main.o(.rodata.str1.1)
    locale$$data                             0x080036d4   Section       28  lc_numeric_c.o(locale$$data)
    __lcnum_c_name                           0x080036d8   Data           2  lc_numeric_c.o(locale$$data)
    __lcnum_c_start                          0x080036e0   Data           0  lc_numeric_c.o(locale$$data)
    __lcnum_c_point                          0x080036ec   Data           0  lc_numeric_c.o(locale$$data)
    __lcnum_c_thousands                      0x080036ee   Data           0  lc_numeric_c.o(locale$$data)
    __lcnum_c_grouping                       0x080036ef   Data           0  lc_numeric_c.o(locale$$data)
    __lcnum_c_end                            0x080036f0   Data           0  lc_numeric_c.o(locale$$data)
    locale$$data                             0x080036f0   Section      272  lc_ctype_c.o(locale$$data)
    __lcctype_c_name                         0x080036f4   Data           2  lc_ctype_c.o(locale$$data)
    __lcctype_c_start                        0x080036fc   Data           0  lc_ctype_c.o(locale$$data)
    __lcctype_c_end                          0x08003800   Data           0  lc_ctype_c.o(locale$$data)
    .bss                                     0x20000000   Section       96  libspace.o(.bss)
    Heap_Mem                                 0x20000098   Data         512  startup_stm32f407xx.o(HEAP)
    HEAP                                     0x20000098   Section      512  startup_stm32f407xx.o(HEAP)
    Stack_Mem                                0x20000298   Data        1024  startup_stm32f407xx.o(STACK)
    STACK                                    0x20000298   Section     1024  startup_stm32f407xx.o(STACK)
    __initial_sp                             0x20000698   Data           0  startup_stm32f407xx.o(STACK)

    Global Symbols

    Symbol Name                              Value     Ov Type        Size  Object(Section)

    BuildAttributes$$THM_ISAv4$E$P$D$K$B$S$7EM$VFPi3$EXTD16$VFPS$VFMA$PE$A:L22UL41UL21$X:L11$S22US41US21$IEEE1$IW$~IW$USESV6$~STKCKD$USESV7$~SHL$OTIME$ROPI$IEEEJ$EBA8$UX$STANDARDLIB$REQ8$PRES8$EABIv2 0x00000000   Number         0  anon$$obj.o ABSOLUTE
    _printf_flags                            0x00000000   Number         0  printf_stubs.o ABSOLUTE
    _printf_return_value                     0x00000000   Number         0  printf_stubs.o ABSOLUTE
    _printf_sizespec                         0x00000000   Number         0  printf_stubs.o ABSOLUTE
    _printf_widthprec                        0x00000000   Number         0  printf_stubs.o ABSOLUTE
    __ARM_exceptions_init                     - Undefined Weak Reference
    __alloca_initialize                       - Undefined Weak Reference
    __arm_preinit_                            - Undefined Weak Reference
    __arm_relocate_pie_                       - Undefined Weak Reference
    __cpp_initialize__aeabi_                  - Undefined Weak Reference
    __cxa_finalize                            - Undefined Weak Reference
    __sigvec_lookup                           - Undefined Weak Reference
    _atexit_init                              - Undefined Weak Reference
    _call_atexit_fns                          - Undefined Weak Reference
    _clock_init                               - Undefined Weak Reference
    _fp_trap_init                             - Undefined Weak Reference
    _fp_trap_shutdown                         - Undefined Weak Reference
    _get_lc_collate                           - Undefined Weak Reference
    _get_lc_monetary                          - Undefined Weak Reference
    _get_lc_time                              - Undefined Weak Reference
    _getenv_init                              - Undefined Weak Reference
    _handle_redirection                       - Undefined Weak Reference
    _init_alloc                               - Undefined Weak Reference
    _init_user_alloc                          - Undefined Weak Reference
    _initio                                   - Undefined Weak Reference
    _printf_mbtowc                            - Undefined Weak Reference
    _printf_wc                                - Undefined Weak Reference
    _rand_init                                - Undefined Weak Reference
    _signal_finish                            - Undefined Weak Reference
    _signal_init                              - Undefined Weak Reference
    _terminate_alloc                          - Undefined Weak Reference
    _terminate_user_alloc                     - Undefined Weak Reference
    _terminateio                              - Undefined Weak Reference
    __Vectors_Size                           0x00000188   Number         0  startup_stm32f407xx.o ABSOLUTE
    __Vectors                                0x08000000   Data           4  startup_stm32f407xx.o(RESET)
    __Vectors_End                            0x08000188   Data           0  startup_stm32f407xx.o(RESET)
    __main                                   0x08000189   Thumb Code     8  __main.o(!!!main)
    __scatterload                            0x08000191   Thumb Code     0  __scatter.o(!!!scatter)
    __scatterload_rt2                        0x08000191   Thumb Code    84  __scatter.o(!!!scatter)
    __scatterload_rt2_thumb_only             0x08000191   Thumb Code     0  __scatter.o(!!!scatter)
    __scatterload_loop                       0x0800019b   Thumb Code     0  __scatter.o(!!!scatter)
    __scatterload_null                       0x080001ed   Thumb Code     2  __scatter.o(!!handler_null)
    __scatterload_zeroinit                   0x080001f1   Thumb Code    28  __scatter_zi.o(!!handler_zi)
    _printf_n                                0x0800020d   Thumb Code     0  _printf_n.o(.ARM.Collect$$_printf_percent$$00000001)
    _printf_percent                          0x0800020d   Thumb Code     0  _printf_percent.o(.ARM.Collect$$_printf_percent$$00000000)
    _printf_p                                0x08000213   Thumb Code     0  _printf_p.o(.ARM.Collect$$_printf_percent$$00000002)
    _printf_f                                0x08000219   Thumb Code     0  _printf_f.o(.ARM.Collect$$_printf_percent$$00000003)
    _printf_e                                0x0800021f   Thumb Code     0  _printf_e.o(.ARM.Collect$$_printf_percent$$00000004)
    _printf_g                                0x08000225   Thumb Code     0  _printf_g.o(.ARM.Collect$$_printf_percent$$00000005)
    _printf_a                                0x0800022b   Thumb Code     0  _printf_a.o(.ARM.Collect$$_printf_percent$$00000006)
    _printf_ll                               0x08000231   Thumb Code     0  _printf_ll.o(.ARM.Collect$$_printf_percent$$00000007)
    _printf_i                                0x0800023b   Thumb Code     0  _printf_i.o(.ARM.Collect$$_printf_percent$$00000008)
    _printf_d                                0x08000241   Thumb Code     0  _printf_d.o(.ARM.Collect$$_printf_percent$$00000009)
    _printf_u                                0x08000247   Thumb Code     0  _printf_u.o(.ARM.Collect$$_printf_percent$$0000000A)
    _printf_o                                0x0800024d   Thumb Code     0  _printf_o.o(.ARM.Collect$$_printf_percent$$0000000B)
    _printf_x                                0x08000253   Thumb Code     0  _printf_x.o(.ARM.Collect$$_printf_percent$$0000000C)
    _printf_lli                              0x08000259   Thumb Code     0  _printf_lli.o(.ARM.Collect$$_printf_percent$$0000000D)
    _printf_lld                              0x0800025f   Thumb Code     0  _printf_lld.o(.ARM.Collect$$_printf_percent$$0000000E)
    _printf_llu                              0x08000265   Thumb Code     0  _printf_llu.o(.ARM.Collect$$_printf_percent$$0000000F)
    _printf_llo                              0x0800026b   Thumb Code     0  _printf_llo.o(.ARM.Collect$$_printf_percent$$00000010)
    _printf_llx                              0x08000271   Thumb Code     0  _printf_llx.o(.ARM.Collect$$_printf_percent$$00000011)
    _printf_l                                0x08000277   Thumb Code     0  _printf_l.o(.ARM.Collect$$_printf_percent$$00000012)
    _printf_c                                0x08000281   Thumb Code     0  _printf_c.o(.ARM.Collect$$_printf_percent$$00000013)
    _printf_s                                0x08000287   Thumb Code     0  _printf_s.o(.ARM.Collect$$_printf_percent$$00000014)
    _printf_lc                               0x0800028d   Thumb Code     0  _printf_lc.o(.ARM.Collect$$_printf_percent$$00000015)
    _printf_ls                               0x08000293   Thumb Code     0  _printf_ls.o(.ARM.Collect$$_printf_percent$$00000016)
    _printf_percent_end                      0x08000299   Thumb Code     0  _printf_percent_end.o(.ARM.Collect$$_printf_percent$$00000017)
    __rt_lib_init                            0x0800029d   Thumb Code     0  libinit.o(.ARM.Collect$$libinit$$00000000)
    __rt_lib_init_fp_1                       0x0800029f   Thumb Code     0  libinit2.o(.ARM.Collect$$libinit$$00000001)
    __rt_lib_init_heap_1                     0x080002a3   Thumb Code     0  libinit2.o(.ARM.Collect$$libinit$$0000000C)
    __rt_lib_init_lc_common                  0x080002a3   Thumb Code     0  libinit2.o(.ARM.Collect$$libinit$$00000011)
    __rt_lib_init_preinit_1                  0x080002a3   Thumb Code     0  libinit2.o(.ARM.Collect$$libinit$$00000006)
    __rt_lib_init_rand_1                     0x080002a3   Thumb Code     0  libinit2.o(.ARM.Collect$$libinit$$00000010)
    __rt_lib_init_relocate_pie_1             0x080002a3   Thumb Code     0  libinit2.o(.ARM.Collect$$libinit$$00000004)
    __rt_lib_init_user_alloc_1               0x080002a3   Thumb Code     0  libinit2.o(.ARM.Collect$$libinit$$0000000E)
    __rt_lib_init_lc_collate_1               0x080002a9   Thumb Code     0  libinit2.o(.ARM.Collect$$libinit$$00000013)
    __rt_lib_init_lc_ctype_2                 0x080002a9   Thumb Code     0  libinit2.o(.ARM.Collect$$libinit$$00000014)
    __rt_lib_init_lc_ctype_1                 0x080002b5   Thumb Code     0  libinit2.o(.ARM.Collect$$libinit$$00000015)
    __rt_lib_init_lc_monetary_1              0x080002b5   Thumb Code     0  libinit2.o(.ARM.Collect$$libinit$$00000017)
    __rt_lib_init_lc_numeric_2               0x080002b5   Thumb Code     0  libinit2.o(.ARM.Collect$$libinit$$00000018)
    __rt_lib_init_alloca_1                   0x080002bf   Thumb Code     0  libinit2.o(.ARM.Collect$$libinit$$00000030)
    __rt_lib_init_argv_1                     0x080002bf   Thumb Code     0  libinit2.o(.ARM.Collect$$libinit$$0000002E)
    __rt_lib_init_atexit_1                   0x080002bf   Thumb Code     0  libinit2.o(.ARM.Collect$$libinit$$0000001D)
    __rt_lib_init_clock_1                    0x080002bf   Thumb Code     0  libinit2.o(.ARM.Collect$$libinit$$00000023)
    __rt_lib_init_cpp_1                      0x080002bf   Thumb Code     0  libinit2.o(.ARM.Collect$$libinit$$00000034)
    __rt_lib_init_exceptions_1               0x080002bf   Thumb Code     0  libinit2.o(.ARM.Collect$$libinit$$00000032)
    __rt_lib_init_fp_trap_1                  0x080002bf   Thumb Code     0  libinit2.o(.ARM.Collect$$libinit$$00000021)
    __rt_lib_init_getenv_1                   0x080002bf   Thumb Code     0  libinit2.o(.ARM.Collect$$libinit$$00000025)
    __rt_lib_init_lc_numeric_1               0x080002bf   Thumb Code     0  libinit2.o(.ARM.Collect$$libinit$$00000019)
    __rt_lib_init_lc_time_1                  0x080002bf   Thumb Code     0  libinit2.o(.ARM.Collect$$libinit$$0000001B)
    __rt_lib_init_return                     0x080002bf   Thumb Code     0  libinit2.o(.ARM.Collect$$libinit$$00000035)
    __rt_lib_init_signal_1                   0x080002bf   Thumb Code     0  libinit2.o(.ARM.Collect$$libinit$$0000001F)
    __rt_lib_init_stdio_1                    0x080002bf   Thumb Code     0  libinit2.o(.ARM.Collect$$libinit$$00000027)
    __rt_lib_shutdown                        0x080002c1   Thumb Code     0  libshutdown.o(.ARM.Collect$$libshutdown$$00000000)
    __rt_lib_shutdown_cpp_1                  0x080002c3   Thumb Code     0  libshutdown2.o(.ARM.Collect$$libshutdown$$00000002)
    __rt_lib_shutdown_fp_trap_1              0x080002c3   Thumb Code     0  libshutdown2.o(.ARM.Collect$$libshutdown$$00000007)
    __rt_lib_shutdown_heap_1                 0x080002c3   Thumb Code     0  libshutdown2.o(.ARM.Collect$$libshutdown$$0000000F)
    __rt_lib_shutdown_return                 0x080002c3   Thumb Code     0  libshutdown2.o(.ARM.Collect$$libshutdown$$00000010)
    __rt_lib_shutdown_signal_1               0x080002c3   Thumb Code     0  libshutdown2.o(.ARM.Collect$$libshutdown$$0000000A)
    __rt_lib_shutdown_stdio_1                0x080002c3   Thumb Code     0  libshutdown2.o(.ARM.Collect$$libshutdown$$00000004)
    __rt_lib_shutdown_user_alloc_1           0x080002c3   Thumb Code     0  libshutdown2.o(.ARM.Collect$$libshutdown$$0000000C)
    __rt_entry                               0x080002c5   Thumb Code     0  __rtentry.o(.ARM.Collect$$rtentry$$00000000)
    __rt_entry_presh_1                       0x080002c5   Thumb Code     0  __rtentry2.o(.ARM.Collect$$rtentry$$00000002)
    __rt_entry_sh                            0x080002c5   Thumb Code     0  __rtentry4.o(.ARM.Collect$$rtentry$$00000004)
    __rt_entry_li                            0x080002cb   Thumb Code     0  __rtentry2.o(.ARM.Collect$$rtentry$$0000000A)
    __rt_entry_postsh_1                      0x080002cb   Thumb Code     0  __rtentry2.o(.ARM.Collect$$rtentry$$00000009)
    __rt_entry_main                          0x080002cf   Thumb Code     0  __rtentry2.o(.ARM.Collect$$rtentry$$0000000D)
    __rt_entry_postli_1                      0x080002cf   Thumb Code     0  __rtentry2.o(.ARM.Collect$$rtentry$$0000000C)
    __rt_exit                                0x080002d7   Thumb Code     0  rtexit.o(.ARM.Collect$$rtexit$$00000000)
    __rt_exit_ls                             0x080002d9   Thumb Code     0  rtexit2.o(.ARM.Collect$$rtexit$$00000003)
    __rt_exit_prels_1                        0x080002d9   Thumb Code     0  rtexit2.o(.ARM.Collect$$rtexit$$00000002)
    __rt_exit_exit                           0x080002dd   Thumb Code     0  rtexit2.o(.ARM.Collect$$rtexit$$00000004)
    Reset_Handler                            0x080002e5   Thumb Code     8  startup_stm32f407xx.o(.text)
    NMI_Handler                              0x080002ed   Thumb Code     2  startup_stm32f407xx.o(.text)
    HardFault_Handler                        0x080002ef   Thumb Code     2  startup_stm32f407xx.o(.text)
    MemManage_Handler                        0x080002f1   Thumb Code     2  startup_stm32f407xx.o(.text)
    BusFault_Handler                         0x080002f3   Thumb Code     2  startup_stm32f407xx.o(.text)
    UsageFault_Handler                       0x080002f5   Thumb Code     2  startup_stm32f407xx.o(.text)
    SVC_Handler                              0x080002f7   Thumb Code     2  startup_stm32f407xx.o(.text)
    DebugMon_Handler                         0x080002f9   Thumb Code     2  startup_stm32f407xx.o(.text)
    PendSV_Handler                           0x080002fb   Thumb Code     2  startup_stm32f407xx.o(.text)
    ADC_IRQHandler                           0x080002ff   Thumb Code     0  startup_stm32f407xx.o(.text)
    CAN1_RX0_IRQHandler                      0x080002ff   Thumb Code     0  startup_stm32f407xx.o(.text)
    CAN1_RX1_IRQHandler                      0x080002ff   Thumb Code     0  startup_stm32f407xx.o(.text)
    CAN1_SCE_IRQHandler                      0x080002ff   Thumb Code     0  startup_stm32f407xx.o(.text)
    CAN1_TX_IRQHandler                       0x080002ff   Thumb Code     0  startup_stm32f407xx.o(.text)
    CAN2_RX0_IRQHandler                      0x080002ff   Thumb Code     0  startup_stm32f407xx.o(.text)
    CAN2_RX1_IRQHandler                      0x080002ff   Thumb Code     0  startup_stm32f407xx.o(.text)
    CAN2_SCE_IRQHandler                      0x080002ff   Thumb Code     0  startup_stm32f407xx.o(.text)
    CAN2_TX_IRQHandler                       0x080002ff   Thumb Code     0  startup_stm32f407xx.o(.text)
    DCMI_IRQHandler                          0x080002ff   Thumb Code     0  startup_stm32f407xx.o(.text)
    DMA1_Stream0_IRQHandler                  0x080002ff   Thumb Code     0  startup_stm32f407xx.o(.text)
    DMA1_Stream1_IRQHandler                  0x080002ff   Thumb Code     0  startup_stm32f407xx.o(.text)
    DMA1_Stream2_IRQHandler                  0x080002ff   Thumb Code     0  startup_stm32f407xx.o(.text)
    DMA1_Stream3_IRQHandler                  0x080002ff   Thumb Code     0  startup_stm32f407xx.o(.text)
    DMA1_Stream4_IRQHandler                  0x080002ff   Thumb Code     0  startup_stm32f407xx.o(.text)
    DMA1_Stream5_IRQHandler                  0x080002ff   Thumb Code     0  startup_stm32f407xx.o(.text)
    DMA1_Stream6_IRQHandler                  0x080002ff   Thumb Code     0  startup_stm32f407xx.o(.text)
    DMA1_Stream7_IRQHandler                  0x080002ff   Thumb Code     0  startup_stm32f407xx.o(.text)
    DMA2_Stream0_IRQHandler                  0x080002ff   Thumb Code     0  startup_stm32f407xx.o(.text)
    DMA2_Stream1_IRQHandler                  0x080002ff   Thumb Code     0  startup_stm32f407xx.o(.text)
    DMA2_Stream2_IRQHandler                  0x080002ff   Thumb Code     0  startup_stm32f407xx.o(.text)
    DMA2_Stream3_IRQHandler                  0x080002ff   Thumb Code     0  startup_stm32f407xx.o(.text)
    DMA2_Stream4_IRQHandler                  0x080002ff   Thumb Code     0  startup_stm32f407xx.o(.text)
    DMA2_Stream5_IRQHandler                  0x080002ff   Thumb Code     0  startup_stm32f407xx.o(.text)
    DMA2_Stream6_IRQHandler                  0x080002ff   Thumb Code     0  startup_stm32f407xx.o(.text)
    DMA2_Stream7_IRQHandler                  0x080002ff   Thumb Code     0  startup_stm32f407xx.o(.text)
    ETH_IRQHandler                           0x080002ff   Thumb Code     0  startup_stm32f407xx.o(.text)
    ETH_WKUP_IRQHandler                      0x080002ff   Thumb Code     0  startup_stm32f407xx.o(.text)
    EXTI0_IRQHandler                         0x080002ff   Thumb Code     0  startup_stm32f407xx.o(.text)
    EXTI15_10_IRQHandler                     0x080002ff   Thumb Code     0  startup_stm32f407xx.o(.text)
    EXTI1_IRQHandler                         0x080002ff   Thumb Code     0  startup_stm32f407xx.o(.text)
    EXTI2_IRQHandler                         0x080002ff   Thumb Code     0  startup_stm32f407xx.o(.text)
    EXTI3_IRQHandler                         0x080002ff   Thumb Code     0  startup_stm32f407xx.o(.text)
    EXTI4_IRQHandler                         0x080002ff   Thumb Code     0  startup_stm32f407xx.o(.text)
    EXTI9_5_IRQHandler                       0x080002ff   Thumb Code     0  startup_stm32f407xx.o(.text)
    FLASH_IRQHandler                         0x080002ff   Thumb Code     0  startup_stm32f407xx.o(.text)
    FMC_IRQHandler                           0x080002ff   Thumb Code     0  startup_stm32f407xx.o(.text)
    FPU_IRQHandler                           0x080002ff   Thumb Code     0  startup_stm32f407xx.o(.text)
    HASH_RNG_IRQHandler                      0x080002ff   Thumb Code     0  startup_stm32f407xx.o(.text)
    I2C1_ER_IRQHandler                       0x080002ff   Thumb Code     0  startup_stm32f407xx.o(.text)
    I2C1_EV_IRQHandler                       0x080002ff   Thumb Code     0  startup_stm32f407xx.o(.text)
    I2C2_ER_IRQHandler                       0x080002ff   Thumb Code     0  startup_stm32f407xx.o(.text)
    I2C2_EV_IRQHandler                       0x080002ff   Thumb Code     0  startup_stm32f407xx.o(.text)
    I2C3_ER_IRQHandler                       0x080002ff   Thumb Code     0  startup_stm32f407xx.o(.text)
    I2C3_EV_IRQHandler                       0x080002ff   Thumb Code     0  startup_stm32f407xx.o(.text)
    OTG_FS_IRQHandler                        0x080002ff   Thumb Code     0  startup_stm32f407xx.o(.text)
    OTG_FS_WKUP_IRQHandler                   0x080002ff   Thumb Code     0  startup_stm32f407xx.o(.text)
    OTG_HS_EP1_IN_IRQHandler                 0x080002ff   Thumb Code     0  startup_stm32f407xx.o(.text)
    OTG_HS_EP1_OUT_IRQHandler                0x080002ff   Thumb Code     0  startup_stm32f407xx.o(.text)
    OTG_HS_IRQHandler                        0x080002ff   Thumb Code     0  startup_stm32f407xx.o(.text)
    OTG_HS_WKUP_IRQHandler                   0x080002ff   Thumb Code     0  startup_stm32f407xx.o(.text)
    PVD_IRQHandler                           0x080002ff   Thumb Code     0  startup_stm32f407xx.o(.text)
    RCC_IRQHandler                           0x080002ff   Thumb Code     0  startup_stm32f407xx.o(.text)
    RTC_Alarm_IRQHandler                     0x080002ff   Thumb Code     0  startup_stm32f407xx.o(.text)
    RTC_WKUP_IRQHandler                      0x080002ff   Thumb Code     0  startup_stm32f407xx.o(.text)
    SDIO_IRQHandler                          0x080002ff   Thumb Code     0  startup_stm32f407xx.o(.text)
    SPI1_IRQHandler                          0x080002ff   Thumb Code     0  startup_stm32f407xx.o(.text)
    SPI2_IRQHandler                          0x080002ff   Thumb Code     0  startup_stm32f407xx.o(.text)
    SPI3_IRQHandler                          0x080002ff   Thumb Code     0  startup_stm32f407xx.o(.text)
    TAMP_STAMP_IRQHandler                    0x080002ff   Thumb Code     0  startup_stm32f407xx.o(.text)
    TIM1_BRK_TIM9_IRQHandler                 0x080002ff   Thumb Code     0  startup_stm32f407xx.o(.text)
    TIM1_CC_IRQHandler                       0x080002ff   Thumb Code     0  startup_stm32f407xx.o(.text)
    TIM1_TRG_COM_TIM11_IRQHandler            0x080002ff   Thumb Code     0  startup_stm32f407xx.o(.text)
    TIM1_UP_TIM10_IRQHandler                 0x080002ff   Thumb Code     0  startup_stm32f407xx.o(.text)
    TIM2_IRQHandler                          0x080002ff   Thumb Code     0  startup_stm32f407xx.o(.text)
    TIM3_IRQHandler                          0x080002ff   Thumb Code     0  startup_stm32f407xx.o(.text)
    TIM4_IRQHandler                          0x080002ff   Thumb Code     0  startup_stm32f407xx.o(.text)
    TIM5_IRQHandler                          0x080002ff   Thumb Code     0  startup_stm32f407xx.o(.text)
    TIM6_DAC_IRQHandler                      0x080002ff   Thumb Code     0  startup_stm32f407xx.o(.text)
    TIM7_IRQHandler                          0x080002ff   Thumb Code     0  startup_stm32f407xx.o(.text)
    TIM8_BRK_TIM12_IRQHandler                0x080002ff   Thumb Code     0  startup_stm32f407xx.o(.text)
    TIM8_CC_IRQHandler                       0x080002ff   Thumb Code     0  startup_stm32f407xx.o(.text)
    TIM8_TRG_COM_TIM14_IRQHandler            0x080002ff   Thumb Code     0  startup_stm32f407xx.o(.text)
    TIM8_UP_TIM13_IRQHandler                 0x080002ff   Thumb Code     0  startup_stm32f407xx.o(.text)
    UART4_IRQHandler                         0x080002ff   Thumb Code     0  startup_stm32f407xx.o(.text)
    UART5_IRQHandler                         0x080002ff   Thumb Code     0  startup_stm32f407xx.o(.text)
    USART1_IRQHandler                        0x080002ff   Thumb Code     0  startup_stm32f407xx.o(.text)
    USART2_IRQHandler                        0x080002ff   Thumb Code     0  startup_stm32f407xx.o(.text)
    USART3_IRQHandler                        0x080002ff   Thumb Code     0  startup_stm32f407xx.o(.text)
    USART6_IRQHandler                        0x080002ff   Thumb Code     0  startup_stm32f407xx.o(.text)
    WWDG_IRQHandler                          0x080002ff   Thumb Code     0  startup_stm32f407xx.o(.text)
    __user_initial_stackheap                 0x08000301   Thumb Code     0  startup_stm32f407xx.o(.text)
    sprintf                                  0x08000325   Thumb Code    38  sprintf.o(.text)
    __use_two_region_memory                  0x08000351   Thumb Code     2  heapauxi.o(.text)
    __rt_heap_escrow$2region                 0x08000353   Thumb Code     2  heapauxi.o(.text)
    __rt_heap_expand$2region                 0x08000355   Thumb Code     2  heapauxi.o(.text)
    _printf_pre_padding                      0x08000357   Thumb Code    44  _printf_pad.o(.text)
    _printf_post_padding                     0x08000383   Thumb Code    34  _printf_pad.o(.text)
    _printf_truncate_signed                  0x080003a5   Thumb Code    18  _printf_truncate.o(.text)
    _printf_truncate_unsigned                0x080003b7   Thumb Code    18  _printf_truncate.o(.text)
    _printf_str                              0x080003c9   Thumb Code    82  _printf_str.o(.text)
    _printf_int_dec                          0x0800041d   Thumb Code   104  _printf_dec.o(.text)
    _printf_charcount                        0x08000495   Thumb Code    40  _printf_charcount.o(.text)
    _printf_char_common                      0x080004c7   Thumb Code    32  _printf_char_common.o(.text)
    _sputc                                   0x080004ed   Thumb Code    10  _sputc.o(.text)
    _printf_wctomb                           0x080004f9   Thumb Code   182  _printf_wctomb.o(.text)
    _printf_longlong_dec                     0x080005b5   Thumb Code   108  _printf_longlong_dec.o(.text)
    _printf_longlong_oct                     0x08000631   Thumb Code    68  _printf_oct_int_ll.o(.text)
    _printf_int_oct                          0x08000675   Thumb Code    24  _printf_oct_int_ll.o(.text)
    _printf_ll_oct                           0x0800068d   Thumb Code    12  _printf_oct_int_ll.o(.text)
    _printf_longlong_hex                     0x080006a1   Thumb Code    86  _printf_hex_int_ll_ptr.o(.text)
    _printf_int_hex                          0x080006f7   Thumb Code    28  _printf_hex_int_ll_ptr.o(.text)
    _printf_ll_hex                           0x08000713   Thumb Code    12  _printf_hex_int_ll_ptr.o(.text)
    _printf_hex_ptr                          0x0800071f   Thumb Code    18  _printf_hex_int_ll_ptr.o(.text)
    __printf                                 0x08000735   Thumb Code   388  __printf_flags_ss_wp.o(.text)
    _ll_udiv10                               0x080008bd   Thumb Code   138  lludiv10.o(.text)
    _printf_int_common                       0x08000947   Thumb Code   178  _printf_intcommon.o(.text)
    _printf_fp_dec_real                      0x08000ba9   Thumb Code   620  _printf_fp_dec.o(.text)
    _printf_fp_hex_real                      0x08000e15   Thumb Code   756  _printf_fp_hex.o(.text)
    _printf_cs_common                        0x08001111   Thumb Code    20  _printf_char.o(.text)
    _printf_char                             0x08001125   Thumb Code    16  _printf_char.o(.text)
    _printf_string                           0x08001135   Thumb Code     8  _printf_char.o(.text)
    _printf_lcs_common                       0x0800113d   Thumb Code    20  _printf_wchar.o(.text)
    _printf_wchar                            0x08001151   Thumb Code    16  _printf_wchar.o(.text)
    _printf_wstring                          0x08001161   Thumb Code     8  _printf_wchar.o(.text)
    _c16rtomb                                0x08001169   Thumb Code    72  _c16rtomb.o(.text)
    _wcrtomb                                 0x08001169   Thumb Code     0  _c16rtomb.o(.text)
    __user_setup_stackheap                   0x080011b1   Thumb Code    74  sys_stackheap_outer.o(.text)
    __rt_ctype_table                         0x080011fd   Thumb Code    16  rt_ctype_table.o(.text)
    __rt_locale                              0x0800120d   Thumb Code     8  rt_locale_intlibspace.o(.text)
    _printf_fp_infnan                        0x08001215   Thumb Code   112  _printf_fp_infnan.o(.text)
    _btod_etento                             0x08001295   Thumb Code   224  bigflt0.o(.text)
    exit                                     0x08001379   Thumb Code    18  exit.o(.text)
    __user_libspace                          0x0800138d   Thumb Code     8  libspace.o(.text)
    __user_perproc_libspace                  0x0800138d   Thumb Code     0  libspace.o(.text)
    __user_perthread_libspace                0x0800138d   Thumb Code     0  libspace.o(.text)
    strcmp                                   0x08001399   Thumb Code   124  strcmpv7em.o(.text)
    _sys_exit                                0x08001415   Thumb Code     8  sys_exit.o(.text)
    __I$use$semihosting                      0x08001421   Thumb Code     0  use_no_semi.o(.text)
    __use_no_semihosting_swi                 0x08001421   Thumb Code     2  use_no_semi.o(.text)
    __semihosting_library_function           0x08001423   Thumb Code     0  indicate_semi.o(.text)
    ADC1_Init                                0x08001425   Thumb Code    74  main.o(.text.ADC1_Init)
    ADC1_Read                                0x08001471   Thumb Code    74  main.o(.text.ADC1_Read)
    BMP280_GetPress                          0x080014c1   Thumb Code  1136  main.o(.text.BMP280_GetPress)
    BMP280_GetTemp                           0x08001989   Thumb Code   440  main.o(.text.BMP280_GetTemp)
    BMP280_Init_Sensor                       0x08001b69   Thumb Code   210  main.o(.text.BMP280_Init_Sensor)
    BMP280_ReadRegs                          0x08001c3d   Thumb Code    92  main.o(.text.BMP280_ReadRegs)
    BMP280_WriteReg                          0x08001c99   Thumb Code    56  main.o(.text.BMP280_WriteReg)
    GPIO_Init                                0x08001cd1   Thumb Code   166  main.o(.text.GPIO_Init)
    Get_Sound_Amplitude                      0x08001d79   Thumb Code    98  main.o(.text.Get_Sound_Amplitude)
    Read_Vibration                           0x08001ddd   Thumb Code    16  main.o(.text.Read_Vibration)
    SER_Init                                 0x08001ded   Thumb Code   102  main.o(.text.SER_Init)
    SER_SendString                           0x08001e55   Thumb Code    60  main.o(.text.SER_SendString)
    SPI1_Init                                0x08001e91   Thumb Code    40  main.o(.text.SPI1_Init)
    SPI1_Transfer                            0x08001eb9   Thumb Code   100  main.o(.text.SPI1_Transfer)
    SysTick_Handler                          0x08001f71   Thumb Code    16  main.o(.text.SysTick_Handler)
    SysTick_Init                             0x08001f81   Thumb Code    16  main.o(.text.SysTick_Init)
    SystemClock_Config                       0x08001f91   Thumb Code   166  main.o(.text.SystemClock_Config)
    SystemInit                               0x08002039   Thumb Code    18  system_stm32f4xx.o(.text.SystemInit)
    main                                     0x08002091   Thumb Code   286  main.o(.text.main)
    _btod_d2e                                0x080021af   Thumb Code    62  btod.o(CL$$btod_d2e)
    _d2e_denorm_low                          0x080021ed   Thumb Code    70  btod.o(CL$$btod_d2e_denorm_low)
    _d2e_norm_op1                            0x08002233   Thumb Code    96  btod.o(CL$$btod_d2e_norm_op1)
    __btod_div_common                        0x08002295   Thumb Code   696  btod.o(CL$$btod_div_common)
    _e2e                                     0x080025cd   Thumb Code   220  btod.o(CL$$btod_e2e)
    _btod_ediv                               0x080026a9   Thumb Code    42  btod.o(CL$$btod_ediv)
    _btod_emul                               0x080026d3   Thumb Code    42  btod.o(CL$$btod_emul)
    __btod_mult_common                       0x080026fd   Thumb Code   580  btod.o(CL$$btod_mult_common)
    __ARM_fpclassify                         0x08002941   Thumb Code    48  fpclassify.o(i.__ARM_fpclassify)
    _is_digit                                0x08002971   Thumb Code    14  __printf_wp.o(i._is_digit)
    _get_lc_numeric                          0x08002981   Thumb Code    44  lc_numeric_c.o(locale$$code)
    _get_lc_ctype                            0x080029ad   Thumb Code    44  lc_ctype_c.o(locale$$code)
    __aeabi_d2f                              0x080029d9   Thumb Code     0  d2f.o(x$fpl$d2f)
    _d2f                                     0x080029d9   Thumb Code    98  d2f.o(x$fpl$d2f)
    __aeabi_dadd                             0x08002a3d   Thumb Code     0  daddsub_clz.o(x$fpl$dadd)
    _dadd                                    0x08002a3d   Thumb Code   332  daddsub_clz.o(x$fpl$dadd)
    __fpl_dcmp_Inf                           0x08002b8d   Thumb Code    24  dcmpi.o(x$fpl$dcmpinf)
    __aeabi_ddiv                             0x08002ba5   Thumb Code     0  ddiv.o(x$fpl$ddiv)
    _ddiv                                    0x08002ba5   Thumb Code   560  ddiv.o(x$fpl$ddiv)
    __aeabi_cdcmpeq                          0x08002e5d   Thumb Code     0  deqf.o(x$fpl$deqf)
    _dcmpeq                                  0x08002e5d   Thumb Code   120  deqf.o(x$fpl$deqf)
    __aeabi_d2iz                             0x08002ed5   Thumb Code     0  dfix.o(x$fpl$dfix)
    _dfix                                    0x08002ed5   Thumb Code    94  dfix.o(x$fpl$dfix)
    __aeabi_i2d                              0x08002f33   Thumb Code     0  dflt_clz.o(x$fpl$dflt)
    _dflt                                    0x08002f33   Thumb Code    46  dflt_clz.o(x$fpl$dflt)
    __aeabi_ui2d                             0x08002f61   Thumb Code     0  dflt_clz.o(x$fpl$dfltu)
    _dfltu                                   0x08002f61   Thumb Code    38  dflt_clz.o(x$fpl$dfltu)
    __aeabi_cdcmpge                          0x08002f89   Thumb Code     0  dgeqf.o(x$fpl$dgeqf)
    _dcmpge                                  0x08002f89   Thumb Code   120  dgeqf.o(x$fpl$dgeqf)
    __aeabi_cdcmple                          0x08003001   Thumb Code     0  dleqf.o(x$fpl$dleqf)
    _dcmple                                  0x08003001   Thumb Code   120  dleqf.o(x$fpl$dleqf)
    __fpl_dcmple_InfNaN                      0x08003063   Thumb Code     0  dleqf.o(x$fpl$dleqf)
    __aeabi_dmul                             0x08003079   Thumb Code     0  dmul.o(x$fpl$dmul)
    _dmul                                    0x08003079   Thumb Code   332  dmul.o(x$fpl$dmul)
    __fpl_dnaninf                            0x080031cd   Thumb Code   156  dnaninf.o(x$fpl$dnaninf)
    __fpl_dretinf                            0x08003269   Thumb Code    12  dretinf.o(x$fpl$dretinf)
    __aeabi_dsub                             0x08003275   Thumb Code     0  daddsub_clz.o(x$fpl$dsub)
    _dsub                                    0x08003275   Thumb Code   472  daddsub_clz.o(x$fpl$dsub)
    __aeabi_f2d                              0x08003451   Thumb Code     0  f2d.o(x$fpl$f2d)
    _f2d                                     0x08003451   Thumb Code    86  f2d.o(x$fpl$f2d)
    __aeabi_dcmpeq                           0x080034a7   Thumb Code     0  dcmp.o(x$fpl$fcmp)
    _deq                                     0x080034a7   Thumb Code    14  dcmp.o(x$fpl$fcmp)
    _dneq                                    0x080034b5   Thumb Code    14  dcmp.o(x$fpl$fcmp)
    __aeabi_dcmpgt                           0x080034c3   Thumb Code     0  dcmp.o(x$fpl$fcmp)
    _dgr                                     0x080034c3   Thumb Code    14  dcmp.o(x$fpl$fcmp)
    __aeabi_dcmpge                           0x080034d1   Thumb Code     0  dcmp.o(x$fpl$fcmp)
    _dgeq                                    0x080034d1   Thumb Code    14  dcmp.o(x$fpl$fcmp)
    __aeabi_dcmple                           0x080034df   Thumb Code     0  dcmp.o(x$fpl$fcmp)
    _dleq                                    0x080034df   Thumb Code    14  dcmp.o(x$fpl$fcmp)
    __aeabi_dcmplt                           0x080034ed   Thumb Code     0  dcmp.o(x$fpl$fcmp)
    _dls                                     0x080034ed   Thumb Code    14  dcmp.o(x$fpl$fcmp)
    __fpl_fnaninf                            0x080034fb   Thumb Code   140  fnaninf.o(x$fpl$fnaninf)
    _fp_init                                 0x08003587   Thumb Code    26  fpinit.o(x$fpl$fpinit)
    __fplib_config_fpu_vfp                   0x0800359f   Thumb Code     0  fpinit.o(x$fpl$fpinit)
    __fplib_config_pureend_doubles           0x0800359f   Thumb Code     0  fpinit.o(x$fpl$fpinit)
    __fpl_fretinf                            0x080035a1   Thumb Code    10  fretinf.o(x$fpl$fretinf)
    _printf_fp_dec                           0x080035ab   Thumb Code     4  printf1.o(x$fpl$printf1)
    _printf_fp_hex                           0x080035af   Thumb Code     4  printf2.o(x$fpl$printf2)
    __I$use$fp                               0x080035b2   Number         0  usenofp.o(x$fpl$usenofp)
    Region$$Table$$Base                      0x080036c4   Number         0  anon$$obj.o(Region$$Table)
    Region$$Table$$Limit                     0x080036d4   Number         0  anon$$obj.o(Region$$Table)
    __ctype                                  0x080036fd   Data           0  lc_ctype_c.o(locale$$data)
    __libspace_start                         0x20000000   Data          96  libspace.o(.bss)
    __temporary_stack_top$libspace           0x20000060   Data           0  libspace.o(.bss)
    calibData                                0x20000060   Data          24  main.o(.bss.calibData)
    live_Gas                                 0x20000078   Data           4  main.o(.bss.live_Gas)
    live_Press                               0x2000007c   Data           4  main.o(.bss.live_Press)
    live_Sound                               0x20000080   Data           4  main.o(.bss.live_Sound)
    live_Temp                                0x20000084   Data           4  main.o(.bss.live_Temp)
    live_Vibration                           0x20000088   Data           1  main.o(.bss.live_Vibration)
    msTicks                                  0x2000008c   Data           4  main.o(.bss.msTicks)
    t_fine                                   0x20000090   Data           4  main.o(.bss.t_fine)



==============================================================================

Memory Map of the image

  Image Entry point : 0x080002e5

  Load Region LR_1 (Base: 0x08000000, Size: 0x00003800, Max: 0xffffffff, ABSOLUTE)

    Execution Region ER_RO (Exec base: 0x08000000, Load base: 0x08000000, Size: 0x00003800, Max: 0xffffffff, ABSOLUTE)

    Exec Addr    Load Addr    Size         Type   Attr      Idx    E Section Name        Object

    0x08000000   0x08000000   0x00000188   Data   RO           62    RESET               startup_stm32f407xx.o
    0x08000188   0x08000188   0x00000008   Code   RO           89  * !!!main             c_w.l(__main.o)
    0x08000190   0x08000190   0x0000005c   Code   RO          470    !!!scatter          c_w.l(__scatter.o)
    0x080001ec   0x080001ec   0x00000002   Code   RO          471    !!handler_null      c_w.l(__scatter.o)
    0x080001ee   0x080001ee   0x00000002   PAD
    0x080001f0   0x080001f0   0x0000001c   Code   RO          474    !!handler_zi        c_w.l(__scatter_zi.o)
    0x0800020c   0x0800020c   0x00000000   Code   RO          201    .ARM.Collect$$_printf_percent$$00000000  c_w.l(_printf_percent.o)
    0x0800020c   0x0800020c   0x00000006   Code   RO          190    .ARM.Collect$$_printf_percent$$00000001  c_w.l(_printf_n.o)
    0x08000212   0x08000212   0x00000006   Code   RO          192    .ARM.Collect$$_printf_percent$$00000002  c_w.l(_printf_p.o)
    0x08000218   0x08000218   0x00000006   Code   RO          197    .ARM.Collect$$_printf_percent$$00000003  c_w.l(_printf_f.o)
    0x0800021e   0x0800021e   0x00000006   Code   RO          198    .ARM.Collect$$_printf_percent$$00000004  c_w.l(_printf_e.o)
    0x08000224   0x08000224   0x00000006   Code   RO          199    .ARM.Collect$$_printf_percent$$00000005  c_w.l(_printf_g.o)
    0x0800022a   0x0800022a   0x00000006   Code   RO          200    .ARM.Collect$$_printf_percent$$00000006  c_w.l(_printf_a.o)
    0x08000230   0x08000230   0x0000000a   Code   RO          205    .ARM.Collect$$_printf_percent$$00000007  c_w.l(_printf_ll.o)
    0x0800023a   0x0800023a   0x00000006   Code   RO          194    .ARM.Collect$$_printf_percent$$00000008  c_w.l(_printf_i.o)
    0x08000240   0x08000240   0x00000006   Code   RO          195    .ARM.Collect$$_printf_percent$$00000009  c_w.l(_printf_d.o)
    0x08000246   0x08000246   0x00000006   Code   RO          196    .ARM.Collect$$_printf_percent$$0000000A  c_w.l(_printf_u.o)
    0x0800024c   0x0800024c   0x00000006   Code   RO          193    .ARM.Collect$$_printf_percent$$0000000B  c_w.l(_printf_o.o)
    0x08000252   0x08000252   0x00000006   Code   RO          191    .ARM.Collect$$_printf_percent$$0000000C  c_w.l(_printf_x.o)
    0x08000258   0x08000258   0x00000006   Code   RO          202    .ARM.Collect$$_printf_percent$$0000000D  c_w.l(_printf_lli.o)
    0x0800025e   0x0800025e   0x00000006   Code   RO          203    .ARM.Collect$$_printf_percent$$0000000E  c_w.l(_printf_lld.o)
    0x08000264   0x08000264   0x00000006   Code   RO          204    .ARM.Collect$$_printf_percent$$0000000F  c_w.l(_printf_llu.o)
    0x0800026a   0x0800026a   0x00000006   Code   RO          209    .ARM.Collect$$_printf_percent$$00000010  c_w.l(_printf_llo.o)
    0x08000270   0x08000270   0x00000006   Code   RO          210    .ARM.Collect$$_printf_percent$$00000011  c_w.l(_printf_llx.o)
    0x08000276   0x08000276   0x0000000a   Code   RO          206    .ARM.Collect$$_printf_percent$$00000012  c_w.l(_printf_l.o)
    0x08000280   0x08000280   0x00000006   Code   RO          188    .ARM.Collect$$_printf_percent$$00000013  c_w.l(_printf_c.o)
    0x08000286   0x08000286   0x00000006   Code   RO          189    .ARM.Collect$$_printf_percent$$00000014  c_w.l(_printf_s.o)
    0x0800028c   0x0800028c   0x00000006   Code   RO          207    .ARM.Collect$$_printf_percent$$00000015  c_w.l(_printf_lc.o)
    0x08000292   0x08000292   0x00000006   Code   RO          208    .ARM.Collect$$_printf_percent$$00000016  c_w.l(_printf_ls.o)
    0x08000298   0x08000298   0x00000004   Code   RO          266    .ARM.Collect$$_printf_percent$$00000017  c_w.l(_printf_percent_end.o)
    0x0800029c   0x0800029c   0x00000002   Code   RO          319    .ARM.Collect$$libinit$$00000000  c_w.l(libinit.o)
    0x0800029e   0x0800029e   0x00000004   Code   RO          336    .ARM.Collect$$libinit$$00000001  c_w.l(libinit2.o)
    0x080002a2   0x080002a2   0x00000000   Code   RO          339    .ARM.Collect$$libinit$$00000004  c_w.l(libinit2.o)
    0x080002a2   0x080002a2   0x00000000   Code   RO          341    .ARM.Collect$$libinit$$00000006  c_w.l(libinit2.o)
    0x080002a2   0x080002a2   0x00000000   Code   RO          344    .ARM.Collect$$libinit$$0000000C  c_w.l(libinit2.o)
    0x080002a2   0x080002a2   0x00000000   Code   RO          346    .ARM.Collect$$libinit$$0000000E  c_w.l(libinit2.o)
    0x080002a2   0x080002a2   0x00000000   Code   RO          348    .ARM.Collect$$libinit$$00000010  c_w.l(libinit2.o)
    0x080002a2   0x080002a2   0x00000006   Code   RO          349    .ARM.Collect$$libinit$$00000011  c_w.l(libinit2.o)
    0x080002a8   0x080002a8   0x00000000   Code   RO          351    .ARM.Collect$$libinit$$00000013  c_w.l(libinit2.o)
    0x080002a8   0x080002a8   0x0000000c   Code   RO          352    .ARM.Collect$$libinit$$00000014  c_w.l(libinit2.o)
    0x080002b4   0x080002b4   0x00000000   Code   RO          353    .ARM.Collect$$libinit$$00000015  c_w.l(libinit2.o)
    0x080002b4   0x080002b4   0x00000000   Code   RO          355    .ARM.Collect$$libinit$$00000017  c_w.l(libinit2.o)
    0x080002b4   0x080002b4   0x0000000a   Code   RO          356    .ARM.Collect$$libinit$$00000018  c_w.l(libinit2.o)
    0x080002be   0x080002be   0x00000000   Code   RO          357    .ARM.Collect$$libinit$$00000019  c_w.l(libinit2.o)
    0x080002be   0x080002be   0x00000000   Code   RO          359    .ARM.Collect$$libinit$$0000001B  c_w.l(libinit2.o)
    0x080002be   0x080002be   0x00000000   Code   RO          361    .ARM.Collect$$libinit$$0000001D  c_w.l(libinit2.o)
    0x080002be   0x080002be   0x00000000   Code   RO          363    .ARM.Collect$$libinit$$0000001F  c_w.l(libinit2.o)
    0x080002be   0x080002be   0x00000000   Code   RO          365    .ARM.Collect$$libinit$$00000021  c_w.l(libinit2.o)
    0x080002be   0x080002be   0x00000000   Code   RO          367    .ARM.Collect$$libinit$$00000023  c_w.l(libinit2.o)
    0x080002be   0x080002be   0x00000000   Code   RO          369    .ARM.Collect$$libinit$$00000025  c_w.l(libinit2.o)
    0x080002be   0x080002be   0x00000000   Code   RO          371    .ARM.Collect$$libinit$$00000027  c_w.l(libinit2.o)
    0x080002be   0x080002be   0x00000000   Code   RO          375    .ARM.Collect$$libinit$$0000002E  c_w.l(libinit2.o)
    0x080002be   0x080002be   0x00000000   Code   RO          377    .ARM.Collect$$libinit$$00000030  c_w.l(libinit2.o)
    0x080002be   0x080002be   0x00000000   Code   RO          379    .ARM.Collect$$libinit$$00000032  c_w.l(libinit2.o)
    0x080002be   0x080002be   0x00000000   Code   RO          381    .ARM.Collect$$libinit$$00000034  c_w.l(libinit2.o)
    0x080002be   0x080002be   0x00000002   Code   RO          382    .ARM.Collect$$libinit$$00000035  c_w.l(libinit2.o)
    0x080002c0   0x080002c0   0x00000002   Code   RO          406    .ARM.Collect$$libshutdown$$00000000  c_w.l(libshutdown.o)
    0x080002c2   0x080002c2   0x00000000   Code   RO          421    .ARM.Collect$$libshutdown$$00000002  c_w.l(libshutdown2.o)
    0x080002c2   0x080002c2   0x00000000   Code   RO          423    .ARM.Collect$$libshutdown$$00000004  c_w.l(libshutdown2.o)
    0x080002c2   0x080002c2   0x00000000   Code   RO          426    .ARM.Collect$$libshutdown$$00000007  c_w.l(libshutdown2.o)
    0x080002c2   0x080002c2   0x00000000   Code   RO          429    .ARM.Collect$$libshutdown$$0000000A  c_w.l(libshutdown2.o)
    0x080002c2   0x080002c2   0x00000000   Code   RO          431    .ARM.Collect$$libshutdown$$0000000C  c_w.l(libshutdown2.o)
    0x080002c2   0x080002c2   0x00000000   Code   RO          434    .ARM.Collect$$libshutdown$$0000000F  c_w.l(libshutdown2.o)
    0x080002c2   0x080002c2   0x00000002   Code   RO          435    .ARM.Collect$$libshutdown$$00000010  c_w.l(libshutdown2.o)
    0x080002c4   0x080002c4   0x00000000   Code   RO          119    .ARM.Collect$$rtentry$$00000000  c_w.l(__rtentry.o)
    0x080002c4   0x080002c4   0x00000000   Code   RO          235    .ARM.Collect$$rtentry$$00000002  c_w.l(__rtentry2.o)
    0x080002c4   0x080002c4   0x00000006   Code   RO          247    .ARM.Collect$$rtentry$$00000004  c_w.l(__rtentry4.o)
    0x080002ca   0x080002ca   0x00000000   Code   RO          237    .ARM.Collect$$rtentry$$00000009  c_w.l(__rtentry2.o)
    0x080002ca   0x080002ca   0x00000004   Code   RO          238    .ARM.Collect$$rtentry$$0000000A  c_w.l(__rtentry2.o)
    0x080002ce   0x080002ce   0x00000000   Code   RO          240    .ARM.Collect$$rtentry$$0000000C  c_w.l(__rtentry2.o)
    0x080002ce   0x080002ce   0x00000008   Code   RO          241    .ARM.Collect$$rtentry$$0000000D  c_w.l(__rtentry2.o)
    0x080002d6   0x080002d6   0x00000002   Code   RO          327    .ARM.Collect$$rtexit$$00000000  c_w.l(rtexit.o)
    0x080002d8   0x080002d8   0x00000000   Code   RO          384    .ARM.Collect$$rtexit$$00000002  c_w.l(rtexit2.o)
    0x080002d8   0x080002d8   0x00000004   Code   RO          385    .ARM.Collect$$rtexit$$00000003  c_w.l(rtexit2.o)
    0x080002dc   0x080002dc   0x00000006   Code   RO          386    .ARM.Collect$$rtexit$$00000004  c_w.l(rtexit2.o)
    0x080002e2   0x080002e2   0x00000002   PAD
    0x080002e4   0x080002e4   0x00000040   Code   RO           63  * .text               startup_stm32f407xx.o
    0x08000324   0x08000324   0x0000002c   Code   RO           85    .text               c_w.l(sprintf.o)
    0x08000350   0x08000350   0x00000006   Code   RO           87    .text               c_w.l(heapauxi.o)
    0x08000356   0x08000356   0x0000004e   Code   RO          122    .text               c_w.l(_printf_pad.o)
    0x080003a4   0x080003a4   0x00000024   Code   RO          124    .text               c_w.l(_printf_truncate.o)
    0x080003c8   0x080003c8   0x00000052   Code   RO          126    .text               c_w.l(_printf_str.o)
    0x0800041a   0x0800041a   0x00000002   PAD
    0x0800041c   0x0800041c   0x00000078   Code   RO          128    .text               c_w.l(_printf_dec.o)
    0x08000494   0x08000494   0x00000028   Code   RO          130    .text               c_w.l(_printf_charcount.o)
    0x080004bc   0x080004bc   0x00000030   Code   RO          132    .text               c_w.l(_printf_char_common.o)
    0x080004ec   0x080004ec   0x0000000a   Code   RO          134    .text               c_w.l(_sputc.o)
    0x080004f6   0x080004f6   0x00000002   PAD
    0x080004f8   0x080004f8   0x000000bc   Code   RO          136    .text               c_w.l(_printf_wctomb.o)
    0x080005b4   0x080005b4   0x0000007c   Code   RO          139    .text               c_w.l(_printf_longlong_dec.o)
    0x08000630   0x08000630   0x00000070   Code   RO          145    .text               c_w.l(_printf_oct_int_ll.o)
    0x080006a0   0x080006a0   0x00000094   Code   RO          165    .text               c_w.l(_printf_hex_int_ll_ptr.o)
    0x08000734   0x08000734   0x00000188   Code   RO          185    .text               c_w.l(__printf_flags_ss_wp.o)
    0x080008bc   0x080008bc   0x0000008a   Code   RO          249    .text               c_w.l(lludiv10.o)
    0x08000946   0x08000946   0x000000b2   Code   RO          251    .text               c_w.l(_printf_intcommon.o)
    0x080009f8   0x080009f8   0x0000041c   Code   RO          253    .text               c_w.l(_printf_fp_dec.o)
    0x08000e14   0x08000e14   0x000002fc   Code   RO          257    .text               c_w.l(_printf_fp_hex.o)
    0x08001110   0x08001110   0x0000002c   Code   RO          262    .text               c_w.l(_printf_char.o)
    0x0800113c   0x0800113c   0x0000002c   Code   RO          264    .text               c_w.l(_printf_wchar.o)
    0x08001168   0x08001168   0x00000048   Code   RO          267    .text               c_w.l(_c16rtomb.o)
    0x080011b0   0x080011b0   0x0000004a   Code   RO          271    .text               c_w.l(sys_stackheap_outer.o)
    0x080011fa   0x080011fa   0x00000002   PAD
    0x080011fc   0x080011fc   0x00000010   Code   RO          273    .text               c_w.l(rt_ctype_table.o)
    0x0800120c   0x0800120c   0x00000008   Code   RO          278    .text               c_w.l(rt_locale_intlibspace.o)
    0x08001214   0x08001214   0x00000080   Code   RO          280    .text               c_w.l(_printf_fp_infnan.o)
    0x08001294   0x08001294   0x000000e4   Code   RO          282    .text               c_w.l(bigflt0.o)
    0x08001378   0x08001378   0x00000012   Code   RO          312    .text               c_w.l(exit.o)
    0x0800138a   0x0800138a   0x00000002   PAD
    0x0800138c   0x0800138c   0x00000008   Code   RO          324    .text               c_w.l(libspace.o)
    0x08001394   0x08001394   0x00000004   PAD
    0x08001398   0x08001398   0x0000007c   Code   RO          334    .text               c_w.l(strcmpv7em.o)
    0x08001414   0x08001414   0x0000000c   Code   RO          396    .text               c_w.l(sys_exit.o)
    0x08001420   0x08001420   0x00000002   Code   RO          411    .text               c_w.l(use_no_semi.o)
    0x08001422   0x08001422   0x00000000   Code   RO          413    .text               c_w.l(indicate_semi.o)
    0x08001422   0x08001422   0x00000002   PAD
    0x08001424   0x08001424   0x0000004a   Code   RO           12    .text.ADC1_Init     main.o
    0x0800146e   0x0800146e   0x00000002   PAD
    0x08001470   0x08001470   0x0000004a   Code   RO           22    .text.ADC1_Read     main.o
    0x080014ba   0x080014ba   0x00000006   PAD
    0x080014c0   0x080014c0   0x000004c8   Code   RO           20    .text.BMP280_GetPress  main.o
    0x08001988   0x08001988   0x000001e0   Code   RO           18    .text.BMP280_GetTemp  main.o
    0x08001b68   0x08001b68   0x000000d2   Code   RO           16    .text.BMP280_Init_Sensor  main.o
    0x08001c3a   0x08001c3a   0x00000002   PAD
    0x08001c3c   0x08001c3c   0x0000005c   Code   RO           40    .text.BMP280_ReadRegs  main.o
    0x08001c98   0x08001c98   0x00000038   Code   RO           38    .text.BMP280_WriteReg  main.o
    0x08001cd0   0x08001cd0   0x000000a6   Code   RO            8    .text.GPIO_Init     main.o
    0x08001d76   0x08001d76   0x00000002   PAD
    0x08001d78   0x08001d78   0x00000062   Code   RO           24    .text.Get_Sound_Amplitude  main.o
    0x08001dda   0x08001dda   0x00000002   PAD
    0x08001ddc   0x08001ddc   0x00000010   Code   RO           26    .text.Read_Vibration  main.o
    0x08001dec   0x08001dec   0x00000066   Code   RO           14    .text.SER_Init      main.o
    0x08001e52   0x08001e52   0x00000002   PAD
    0x08001e54   0x08001e54   0x0000003c   Code   RO           28    .text.SER_SendString  main.o
    0x08001e90   0x08001e90   0x00000028   Code   RO           10    .text.SPI1_Init     main.o
    0x08001eb8   0x08001eb8   0x00000064   Code   RO           36    .text.SPI1_Transfer  main.o
    0x08001f1c   0x08001f1c   0x00000052   Code   RO           30    .text.SysTick_Config  main.o
    0x08001f6e   0x08001f6e   0x00000002   PAD
    0x08001f70   0x08001f70   0x00000010   Code   RO           32    .text.SysTick_Handler  main.o
    0x08001f80   0x08001f80   0x00000010   Code   RO            6    .text.SysTick_Init  main.o
    0x08001f90   0x08001f90   0x000000a6   Code   RO            4    .text.SystemClock_Config  main.o
    0x08002036   0x08002036   0x00000002   PAD
    0x08002038   0x08002038   0x00000012   Code   RO           70    .text.SystemInit    system_stm32f4xx.o
    0x0800204a   0x0800204a   0x00000002   PAD
    0x0800204c   0x0800204c   0x00000042   Code   RO           42    .text.__NVIC_SetPriority  main.o
    0x0800208e   0x0800208e   0x00000002   PAD
    0x08002090   0x08002090   0x0000011e   Code   RO            2    .text.main          main.o
    0x080021ae   0x080021ae   0x0000003e   Code   RO          285    CL$$btod_d2e        c_w.l(btod.o)
    0x080021ec   0x080021ec   0x00000046   Code   RO          287    CL$$btod_d2e_denorm_low  c_w.l(btod.o)
    0x08002232   0x08002232   0x00000060   Code   RO          286    CL$$btod_d2e_norm_op1  c_w.l(btod.o)
    0x08002292   0x08002292   0x00000002   PAD
    0x08002294   0x08002294   0x00000338   Code   RO          295    CL$$btod_div_common  c_w.l(btod.o)
    0x080025cc   0x080025cc   0x000000dc   Code   RO          292    CL$$btod_e2e        c_w.l(btod.o)
    0x080026a8   0x080026a8   0x0000002a   Code   RO          289    CL$$btod_ediv       c_w.l(btod.o)
    0x080026d2   0x080026d2   0x0000002a   Code   RO          288    CL$$btod_emul       c_w.l(btod.o)
    0x080026fc   0x080026fc   0x00000244   Code   RO          294    CL$$btod_mult_common  c_w.l(btod.o)
    0x08002940   0x08002940   0x00000030   Code   RO          322    i.__ARM_fpclassify  m_wm.l(fpclassify.o)
    0x08002970   0x08002970   0x0000000e   Code   RO          178    i._is_digit         c_w.l(__printf_wp.o)
    0x0800297e   0x0800297e   0x00000002   PAD
    0x08002980   0x08002980   0x0000002c   Code   RO          310    locale$$code        c_w.l(lc_numeric_c.o)
    0x080029ac   0x080029ac   0x0000002c   Code   RO          332    locale$$code        c_w.l(lc_ctype_c.o)
    0x080029d8   0x080029d8   0x00000062   Code   RO           91    x$fpl$d2f           fz_wm.l(d2f.o)
    0x08002a3a   0x08002a3a   0x00000002   PAD
    0x08002a3c   0x08002a3c   0x00000150   Code   RO           93    x$fpl$dadd          fz_wm.l(daddsub_clz.o)
    0x08002b8c   0x08002b8c   0x00000018   Code   RO          269    x$fpl$dcmpinf       fz_wm.l(dcmpi.o)
    0x08002ba4   0x08002ba4   0x000002b8   Code   RO          102    x$fpl$ddiv          fz_wm.l(ddiv.o)
    0x08002e5c   0x08002e5c   0x00000078   Code   RO          211    x$fpl$deqf          fz_wm.l(deqf.o)
    0x08002ed4   0x08002ed4   0x0000005e   Code   RO          105    x$fpl$dfix          fz_wm.l(dfix.o)
    0x08002f32   0x08002f32   0x0000002e   Code   RO          110    x$fpl$dflt          fz_wm.l(dflt_clz.o)
    0x08002f60   0x08002f60   0x00000026   Code   RO          109    x$fpl$dfltu         fz_wm.l(dflt_clz.o)
    0x08002f86   0x08002f86   0x00000002   PAD
    0x08002f88   0x08002f88   0x00000078   Code   RO          213    x$fpl$dgeqf         fz_wm.l(dgeqf.o)
    0x08003000   0x08003000   0x00000078   Code   RO          215    x$fpl$dleqf         fz_wm.l(dleqf.o)
    0x08003078   0x08003078   0x00000154   Code   RO          115    x$fpl$dmul          fz_wm.l(dmul.o)
    0x080031cc   0x080031cc   0x0000009c   Code   RO          217    x$fpl$dnaninf       fz_wm.l(dnaninf.o)
    0x08003268   0x08003268   0x0000000c   Code   RO          219    x$fpl$dretinf       fz_wm.l(dretinf.o)
    0x08003274   0x08003274   0x000001dc   Code   RO           95    x$fpl$dsub          fz_wm.l(daddsub_clz.o)
    0x08003450   0x08003450   0x00000056   Code   RO          117    x$fpl$f2d           fz_wm.l(f2d.o)
    0x080034a6   0x080034a6   0x00000054   Code   RO           99    x$fpl$fcmp          fz_wm.l(dcmp.o)
    0x080034fa   0x080034fa   0x0000008c   Code   RO          221    x$fpl$fnaninf       fz_wm.l(fnaninf.o)
    0x08003586   0x08003586   0x0000001a   Code   RO          394    x$fpl$fpinit        fz_wm.l(fpinit.o)
    0x080035a0   0x080035a0   0x0000000a   Code   RO          223    x$fpl$fretinf       fz_wm.l(fretinf.o)
    0x080035aa   0x080035aa   0x00000004   Code   RO          225    x$fpl$printf1       fz_wm.l(printf1.o)
    0x080035ae   0x080035ae   0x00000004   Code   RO          227    x$fpl$printf2       fz_wm.l(printf2.o)
    0x080035b2   0x080035b2   0x00000000   Code   RO          233    x$fpl$usenofp       fz_wm.l(usenofp.o)
    0x080035b2   0x080035b2   0x00000002   PAD
    0x080035b4   0x080035b4   0x00000008   Data   RO          137    .constdata          c_w.l(_printf_wctomb.o)
    0x080035bc   0x080035bc   0x00000028   Data   RO          166    .constdata          c_w.l(_printf_hex_int_ll_ptr.o)
    0x080035e4   0x080035e4   0x00000011   Data   RO          186    .constdata          c_w.l(__printf_flags_ss_wp.o)
    0x080035f5   0x080035f5   0x00000026   Data   RO          258    .constdata          c_w.l(_printf_fp_hex.o)
    0x0800361b   0x0800361b   0x00000001   PAD
    0x0800361c   0x0800361c   0x00000094   Data   RO          283    .constdata          c_w.l(bigflt0.o)
    0x080036b0   0x080036b0   0x00000014   Data   RO           50    .rodata.str1.1      main.o
    0x080036c4   0x080036c4   0x00000010   Data   RO          469    Region$$Table       anon$$obj.o
    0x080036d4   0x080036d4   0x0000001c   Data   RO          309    locale$$data        c_w.l(lc_numeric_c.o)
    0x080036f0   0x080036f0   0x00000110   Data   RO          331    locale$$data        c_w.l(lc_ctype_c.o)


    Execution Region ER_RW (Exec base: 0x20000000, Load base: 0x08003800, Size: 0x00000000, Max: 0xffffffff, ABSOLUTE)

    **** No section assigned to this execution region ****


    Execution Region ER_ZI (Exec base: 0x20000000, Load base: 0x08003800, Size: 0x00000698, Max: 0xffffffff, ABSOLUTE)

    Exec Addr    Load Addr    Size         Type   Attr      Idx    E Section Name        Object

    0x20000000        -       0x00000060   Zero   RW          325    .bss                c_w.l(libspace.o)
    0x20000060        -       0x00000018   Zero   RW           51    .bss.calibData      main.o
    0x20000078        -       0x00000004   Zero   RW           47    .bss.live_Gas       main.o
    0x2000007c        -       0x00000004   Zero   RW           46    .bss.live_Press     main.o
    0x20000080        -       0x00000004   Zero   RW           48    .bss.live_Sound     main.o
    0x20000084        -       0x00000004   Zero   RW           45    .bss.live_Temp      main.o
    0x20000088        -       0x00000001   Zero   RW           49    .bss.live_Vibration  main.o
    0x20000089   0x08003800   0x00000003   PAD
    0x2000008c        -       0x00000004   Zero   RW           44    .bss.msTicks        main.o
    0x20000090        -       0x00000004   Zero   RW           52    .bss.t_fine         main.o
    0x20000094   0x08003800   0x00000004   PAD
    0x20000098        -       0x00000200   Zero   RW           61    HEAP                startup_stm32f407xx.o
    0x20000298        -       0x00000400   Zero   RW           60    STACK               startup_stm32f407xx.o


==============================================================================

Image component sizes


      Code (inc. data)   RO Data    RW Data    ZI Data      Debug   Object Name

      3424        144         20          0         49      10130   main.o
        64         26        392          0       1536        856   startup_stm32f407xx.o
        18          0          0          0          0       2725   system_stm32f4xx.o

    ----------------------------------------------------------------------
      3530        170        428          0       1592      13711   Object Totals
         0          0         16          0          0          0   (incl. Generated)
        24          0          0          0          7          0   (incl. Padding)

    ----------------------------------------------------------------------

      Code (inc. data)   RO Data    RW Data    ZI Data      Debug   Library Member Name

         8          0          0          0          0         68   __main.o
       392          4         17          0          0         92   __printf_flags_ss_wp.o
        14          0          0          0          0         68   __printf_wp.o
         0          0          0          0          0          0   __rtentry.o
        12          0          0          0          0          0   __rtentry2.o
         6          0          0          0          0          0   __rtentry4.o
        94          8          0          0          0          0   __scatter.o
        28          0          0          0          0          0   __scatter_zi.o
        72          0          0          0          0         96   _c16rtomb.o
         6          0          0          0          0          0   _printf_a.o
         6          0          0          0          0          0   _printf_c.o
        44          0          0          0          0        108   _printf_char.o
        48          6          0          0          0         96   _printf_char_common.o
        40          0          0          0          0         68   _printf_charcount.o
         6          0          0          0          0          0   _printf_d.o
       120         16          0          0          0         92   _printf_dec.o
         6          0          0          0          0          0   _printf_e.o
         6          0          0          0          0          0   _printf_f.o
      1052          0          0          0          0        148   _printf_fp_dec.o
       764          8         38          0          0        100   _printf_fp_hex.o
       128         16          0          0          0         84   _printf_fp_infnan.o
         6          0          0          0          0          0   _printf_g.o
       148          4         40          0          0        160   _printf_hex_int_ll_ptr.o
         6          0          0          0          0          0   _printf_i.o
       178          0          0          0          0         88   _printf_intcommon.o
        10          0          0          0          0          0   _printf_l.o
         6          0          0          0          0          0   _printf_lc.o
        10          0          0          0          0          0   _printf_ll.o
         6          0          0          0          0          0   _printf_lld.o
         6          0          0          0          0          0   _printf_lli.o
         6          0          0          0          0          0   _printf_llo.o
         6          0          0          0          0          0   _printf_llu.o
         6          0          0          0          0          0   _printf_llx.o
       124         16          0          0          0         92   _printf_longlong_dec.o
         6          0          0          0          0          0   _printf_ls.o
         6          0          0          0          0          0   _printf_n.o
         6          0          0          0          0          0   _printf_o.o
       112          8          0          0          0        124   _printf_oct_int_ll.o
         6          0          0          0          0          0   _printf_p.o
        78          0          0          0          0        108   _printf_pad.o
         0          0          0          0          0          0   _printf_percent.o
         4          0          0          0          0          0   _printf_percent_end.o
         6          0          0          0          0          0   _printf_s.o
        82          0          0          0          0         80   _printf_str.o
        36          0          0          0          0         84   _printf_truncate.o
         6          0          0          0          0          0   _printf_u.o
        44          0          0          0          0        108   _printf_wchar.o
       188          6          8          0          0         92   _printf_wctomb.o
         6          0          0          0          0          0   _printf_x.o
        10          0          0          0          0         68   _sputc.o
       228          4        148          0          0         96   bigflt0.o
      1936        128          0          0          0        668   btod.o
        18          0          0          0          0         80   exit.o
         6          0          0          0          0        152   heapauxi.o
         0          0          0          0          0          0   indicate_semi.o
        44         10        272          0          0         76   lc_ctype_c.o
        44         10         28          0          0         76   lc_numeric_c.o
         2          0          0          0          0          0   libinit.o
        34          0          0          0          0          0   libinit2.o
         2          0          0          0          0          0   libshutdown.o
         2          0          0          0          0          0   libshutdown2.o
         8          4          0          0         96         68   libspace.o
       138          0          0          0          0         80   lludiv10.o
        16          4          0          0          0         76   rt_ctype_table.o
         8          4          0          0          0         68   rt_locale_intlibspace.o
         2          0          0          0          0          0   rtexit.o
        10          0          0          0          0          0   rtexit2.o
        44          6          0          0          0         84   sprintf.o
       124          0          0          0          0         88   strcmpv7em.o
        12          4          0          0          0         68   sys_exit.o
        74          0          0          0          0         80   sys_stackheap_outer.o
         2          0          0          0          0         68   use_no_semi.o
        98          4          0          0          0        140   d2f.o
       812         16          0          0          0        392   daddsub_clz.o
        84          0          0          0          0        244   dcmp.o
        24          0          0          0          0        116   dcmpi.o
       696        140          0          0          0        264   ddiv.o
       120          4          0          0          0        140   deqf.o
        94          4          0          0          0        140   dfix.o
        84          0          0          0          0        232   dflt_clz.o
       120          4          0          0          0        140   dgeqf.o
       120          4          0          0          0        140   dleqf.o
       340         12          0          0          0        152   dmul.o
       156          4          0          0          0        140   dnaninf.o
        12          0          0          0          0        116   dretinf.o
        86          4          0          0          0        132   f2d.o
       140          4          0          0          0        132   fnaninf.o
        26          0          0          0          0        116   fpinit.o
        10          0          0          0          0        116   fretinf.o
         4          0          0          0          0        116   printf1.o
         4          0          0          0          0        116   printf2.o
         0          0          0          0          0          0   usenofp.o
        48          0          0          0          0        124   fpclassify.o

    ----------------------------------------------------------------------
      9826        470        552          0         96       7060   Library Totals
        28          4          1          0          0          0   (incl. Padding)

    ----------------------------------------------------------------------

      Code (inc. data)   RO Data    RW Data    ZI Data      Debug   Library Name

      6720        266        551          0         96       3852   c_w.l
      3030        200          0          0          0       3084   fz_wm.l
        48          0          0          0          0        124   m_wm.l

    ----------------------------------------------------------------------
      9826        470        552          0         96       7060   Library Totals

    ----------------------------------------------------------------------

==============================================================================


      Code (inc. data)   RO Data    RW Data    ZI Data      Debug   

     13356        640        980          0       1688      16723   Grand Totals
     13356        640        980          0       1688      16723   ELF Image Totals
     13356        640        980          0          0          0   ROM Totals

==============================================================================

    Total RO  Size (Code + RO Data)                14336 (  14.00kB)
    Total RW  Size (RW Data + ZI Data)              1688 (   1.65kB)
    Total ROM Size (Code + RO Data + RW Data)      14336 (  14.00kB)

==============================================================================

