Component: Arm Compiler for Embedded 6.22 Tool: armlink [5ee90200]

==============================================================================

Section Cross References

    main.o(.text.main) refers to main.o(.text.SystemClock_Config) for SystemClock_Config
    main.o(.text.main) refers to main.o(.text.SysTick_Init) for SysTick_Init
    main.o(.text.main) refers to main.o(.text.GPIO_Init) for GPIO_Init
    main.o(.text.main) refers to main.o(.text.I2C1_Init) for I2C1_Init
    main.o(.text.main) refers to main.o(.text.SER_Init) for SER_Init
    main.o(.text.main) refers to ssd1306.o(.text.SSD1306_Init) for SSD1306_Init
    main.o(.text.main) refers to main.o(.bss.dataReady) for dataReady
    main.o(.text.main) refers to main.o(.text.Parse_Data) for Parse_Data
    main.o(.text.main) refers to main.o(.bss.rem_Vibration) for rem_Vibration
    main.o(.text.main) refers to ssd1306.o(.text.SSD1306_Clear) for SSD1306_Clear
    main.o(.text.main) refers to main.o(.bss.rem_Temp) for rem_Temp
    main.o(.text.main) refers to main.o(.bss.rem_Gas) for rem_Gas
    main.o(.text.main) refers to main.o(.bss.rem_Sound) for rem_Sound
    main.o(.text.main) refers to ssd1306.o(.text.SSD1306_SetCursor) for SSD1306_SetCursor
    main.o(.text.main) refers to fonts.o(.rodata.Font_11x18) for Font_11x18
    main.o(.text.main) refers to main.o(.rodata.str1.1) for .L.str
    main.o(.text.main) refers to ssd1306.o(.text.SSD1306_DrawString) for SSD1306_DrawString
    main.o(.text.main) refers to printfa.o(i.__0sprintf) for sprintf
    main.o(.text.main) refers to f2d.o(.text) for __aeabi_f2d
    main.o(.text.main) refers to fonts.o(.rodata.Font_7x10) for Font_7x10
    main.o(.text.main) refers to main.o(.bss.rem_Press) for rem_Press
    main.o(.text.main) refers to main.o(.text.DrawVerticalBars) for DrawVerticalBars
    main.o(.text.main) refers to ssd1306.o(.text.SSD1306_UpdateScreen) for SSD1306_UpdateScreen
    main.o(.text.main) refers to main.o(.text.Delay) for Delay
    main.o(.ARM.exidx.text.main) refers to main.o(.text.main) for [Anonymous Symbol]
    main.o(.ARM.exidx.text.SystemClock_Config) refers to main.o(.text.SystemClock_Config) for [Anonymous Symbol]
    main.o(.text.SysTick_Init) refers to main.o(.text.SysTick_Config) for SysTick_Config
    main.o(.ARM.exidx.text.SysTick_Init) refers to main.o(.text.SysTick_Init) for [Anonymous Symbol]
    main.o(.ARM.exidx.text.GPIO_Init) refers to main.o(.text.GPIO_Init) for [Anonymous Symbol]
    main.o(.ARM.exidx.text.I2C1_Init) refers to main.o(.text.I2C1_Init) for [Anonymous Symbol]
    main.o(.text.SER_Init) refers to main.o(.text.__NVIC_EnableIRQ) for __NVIC_EnableIRQ
    main.o(.ARM.exidx.text.SER_Init) refers to main.o(.text.SER_Init) for [Anonymous Symbol]
    main.o(.text.Parse_Data) refers to main.o(.bss.rem_Vibration) for rem_Vibration
    main.o(.text.Parse_Data) refers to main.o(.bss.rem_Sound) for rem_Sound
    main.o(.text.Parse_Data) refers to main.o(.bss.rem_Gas) for rem_Gas
    main.o(.text.Parse_Data) refers to main.o(.bss.rxBuffer) for rxBuffer
    main.o(.text.Parse_Data) refers to main.o(.rodata.str1.1) for .L.str.12
    main.o(.text.Parse_Data) refers to main.o(.bss.rem_Temp) for rem_Temp
    main.o(.text.Parse_Data) refers to main.o(.bss.rem_Press) for rem_Press
    main.o(.text.Parse_Data) refers to sscanf.o(.text) for sscanf
    main.o(.ARM.exidx.text.Parse_Data) refers to main.o(.text.Parse_Data) for [Anonymous Symbol]
    main.o(.text.DrawVerticalBars) refers to ssd1306.o(.text.SSD1306_DrawPixel) for SSD1306_DrawPixel
    main.o(.ARM.exidx.text.DrawVerticalBars) refers to main.o(.text.DrawVerticalBars) for [Anonymous Symbol]
    main.o(.text.Delay) refers to main.o(.bss.msTicks) for msTicks
    main.o(.ARM.exidx.text.Delay) refers to main.o(.text.Delay) for [Anonymous Symbol]
    main.o(.text.UART4_IRQHandler) refers to main.o(.bss.rxIndex) for rxIndex
    main.o(.text.UART4_IRQHandler) refers to main.o(.bss.rxBuffer) for rxBuffer
    main.o(.text.UART4_IRQHandler) refers to main.o(.bss.dataReady) for dataReady
    main.o(.ARM.exidx.text.UART4_IRQHandler) refers to main.o(.text.UART4_IRQHandler) for [Anonymous Symbol]
    main.o(.text.SysTick_Config) refers to main.o(.text.__NVIC_SetPriority) for __NVIC_SetPriority
    main.o(.ARM.exidx.text.SysTick_Config) refers to main.o(.text.SysTick_Config) for [Anonymous Symbol]
    main.o(.text.SysTick_Handler) refers to main.o(.bss.msTicks) for msTicks
    main.o(.ARM.exidx.text.SysTick_Handler) refers to main.o(.text.SysTick_Handler) for [Anonymous Symbol]
    main.o(.ARM.exidx.text.I2C1_WriteData) refers to main.o(.text.I2C1_WriteData) for [Anonymous Symbol]
    main.o(.ARM.exidx.text.__NVIC_EnableIRQ) refers to main.o(.text.__NVIC_EnableIRQ) for [Anonymous Symbol]
    main.o(.ARM.exidx.text.__NVIC_SetPriority) refers to main.o(.text.__NVIC_SetPriority) for [Anonymous Symbol]
    fonts.o(.rodata.Font_7x10) refers to fonts.o(.rodata.Font7x10) for [Anonymous Symbol]
    fonts.o(.rodata.Font_11x18) refers to fonts.o(.rodata.Font11x18) for [Anonymous Symbol]
    fonts.o(.rodata.Font_16x26) refers to fonts.o(.rodata.Font16x26) for [Anonymous Symbol]
    ssd1306.o(.text.SSD1306_WriteCommand) refers to main.o(.text.I2C1_WriteData) for I2C1_WriteData
    ssd1306.o(.ARM.exidx.text.SSD1306_WriteCommand) refers to ssd1306.o(.text.SSD1306_WriteCommand) for [Anonymous Symbol]
    ssd1306.o(.text.SSD1306_WriteData) refers to main.o(.text.I2C1_WriteData) for I2C1_WriteData
    ssd1306.o(.ARM.exidx.text.SSD1306_WriteData) refers to ssd1306.o(.text.SSD1306_WriteData) for [Anonymous Symbol]
    ssd1306.o(.text.SSD1306_Init) refers to ssd1306.o(.text.SSD1306_WriteCommand) for SSD1306_WriteCommand
    ssd1306.o(.text.SSD1306_Init) refers to ssd1306.o(.text.SSD1306_Clear) for SSD1306_Clear
    ssd1306.o(.text.SSD1306_Init) refers to ssd1306.o(.text.SSD1306_UpdateScreen) for SSD1306_UpdateScreen
    ssd1306.o(.ARM.exidx.text.SSD1306_Init) refers to ssd1306.o(.text.SSD1306_Init) for [Anonymous Symbol]
    ssd1306.o(.text.SSD1306_Clear) refers to ssd1306.o(.bss.SSD1306_Buffer) for SSD1306_Buffer
    ssd1306.o(.text.SSD1306_Clear) refers to memseta.o(.text) for __aeabi_memclr
    ssd1306.o(.ARM.exidx.text.SSD1306_Clear) refers to ssd1306.o(.text.SSD1306_Clear) for [Anonymous Symbol]
    ssd1306.o(.text.SSD1306_UpdateScreen) refers to ssd1306.o(.text.SSD1306_WriteCommand) for SSD1306_WriteCommand
    ssd1306.o(.text.SSD1306_UpdateScreen) refers to ssd1306.o(.bss.SSD1306_Buffer) for SSD1306_Buffer
    ssd1306.o(.text.SSD1306_UpdateScreen) refers to main.o(.text.I2C1_WriteData) for I2C1_WriteData
    ssd1306.o(.ARM.exidx.text.SSD1306_UpdateScreen) refers to ssd1306.o(.text.SSD1306_UpdateScreen) for [Anonymous Symbol]
    ssd1306.o(.text.SSD1306_DrawPixel) refers to ssd1306.o(.bss.SSD1306_Buffer) for SSD1306_Buffer
    ssd1306.o(.ARM.exidx.text.SSD1306_DrawPixel) refers to ssd1306.o(.text.SSD1306_DrawPixel) for [Anonymous Symbol]
    ssd1306.o(.text.SSD1306_SetCursor) refers to ssd1306.o(.bss.SSD1306) for SSD1306
    ssd1306.o(.ARM.exidx.text.SSD1306_SetCursor) refers to ssd1306.o(.text.SSD1306_SetCursor) for [Anonymous Symbol]
    ssd1306.o(.text.SSD1306_DrawChar) refers to ssd1306.o(.bss.SSD1306) for SSD1306
    ssd1306.o(.text.SSD1306_DrawChar) refers to ssd1306.o(.text.SSD1306_DrawPixel) for SSD1306_DrawPixel
    ssd1306.o(.ARM.exidx.text.SSD1306_DrawChar) refers to ssd1306.o(.text.SSD1306_DrawChar) for [Anonymous Symbol]
    ssd1306.o(.text.SSD1306_DrawString) refers to ssd1306.o(.text.SSD1306_DrawChar) for SSD1306_DrawChar
    ssd1306.o(.ARM.exidx.text.SSD1306_DrawString) refers to ssd1306.o(.text.SSD1306_DrawString) for [Anonymous Symbol]
    startup_stm32f407xx.o(RESET) refers to startup_stm32f407xx.o(STACK) for __initial_sp
    startup_stm32f407xx.o(RESET) refers to startup_stm32f407xx.o(.text) for Reset_Handler
    startup_stm32f407xx.o(RESET) refers to main.o(.text.SysTick_Handler) for SysTick_Handler
    startup_stm32f407xx.o(RESET) refers to main.o(.text.UART4_IRQHandler) for UART4_IRQHandler
    startup_stm32f407xx.o(.text) refers to system_stm32f4xx.o(.text.SystemInit) for SystemInit
    startup_stm32f407xx.o(.text) refers to entry.o(.ARM.Collect$$$$00000000) for __main
    system_stm32f4xx.o(.ARM.exidx.text.SystemInit) refers to system_stm32f4xx.o(.text.SystemInit) for [Anonymous Symbol]
    system_stm32f4xx.o(.text.SystemCoreClockUpdate) refers to system_stm32f4xx.o(.data.SystemCoreClock) for SystemCoreClock
    system_stm32f4xx.o(.text.SystemCoreClockUpdate) refers to system_stm32f4xx.o(.rodata.AHBPrescTable) for AHBPrescTable
    system_stm32f4xx.o(.ARM.exidx.text.SystemCoreClockUpdate) refers to system_stm32f4xx.o(.text.SystemCoreClockUpdate) for [Anonymous Symbol]
    entry.o(.ARM.Collect$$$$00000000) refers (Special) to entry10a.o(.ARM.Collect$$$$0000000D) for __rt_final_cpp
    entry.o(.ARM.Collect$$$$00000000) refers (Special) to entry11a.o(.ARM.Collect$$$$0000000F) for __rt_final_exit
    entry.o(.ARM.Collect$$$$00000000) refers (Special) to entry7b.o(.ARM.Collect$$$$00000008) for _main_clock
    entry.o(.ARM.Collect$$$$00000000) refers (Special) to entry8b.o(.ARM.Collect$$$$0000000A) for _main_cpp_init
    entry.o(.ARM.Collect$$$$00000000) refers (Special) to entry9a.o(.ARM.Collect$$$$0000000B) for _main_init
    entry.o(.ARM.Collect$$$$00000000) refers (Special) to entry5.o(.ARM.Collect$$$$00000004) for _main_scatterload
    entry.o(.ARM.Collect$$$$00000000) refers (Special) to entry2.o(.ARM.Collect$$$$00000001) for _main_stk
    printfa.o(i.__0fprintf) refers (Special) to iusefp.o(.text) for __I$use$fp
    printfa.o(i.__0fprintf) refers to printfa.o(i._printf_core) for _printf_core
    printfa.o(i.__0fprintf) refers to fputc.o(i.fputc) for fputc
    printfa.o(i.__0printf) refers (Special) to iusefp.o(.text) for __I$use$fp
    printfa.o(i.__0printf) refers to printfa.o(i._printf_core) for _printf_core
    printfa.o(i.__0printf) refers to fputc.o(i.fputc) for fputc
    printfa.o(i.__0printf) refers to stdout.o(.data) for __stdout
    printfa.o(i.__0snprintf) refers (Special) to iusefp.o(.text) for __I$use$fp
    printfa.o(i.__0snprintf) refers to printfa.o(i._printf_core) for _printf_core
    printfa.o(i.__0snprintf) refers to printfa.o(i._snputc) for _snputc
    printfa.o(i.__0sprintf) refers (Special) to iusefp.o(.text) for __I$use$fp
    printfa.o(i.__0sprintf) refers to printfa.o(i._printf_core) for _printf_core
    printfa.o(i.__0sprintf) refers to printfa.o(i._sputc) for _sputc
    printfa.o(i.__0vfprintf) refers (Special) to iusefp.o(.text) for __I$use$fp
    printfa.o(i.__0vfprintf) refers to printfa.o(i._printf_core) for _printf_core
    printfa.o(i.__0vfprintf) refers to fputc.o(i.fputc) for fputc
    printfa.o(i.__0vprintf) refers (Special) to iusefp.o(.text) for __I$use$fp
    printfa.o(i.__0vprintf) refers to printfa.o(i._printf_core) for _printf_core
    printfa.o(i.__0vprintf) refers to fputc.o(i.fputc) for fputc
    printfa.o(i.__0vprintf) refers to stdout.o(.data) for __stdout
    printfa.o(i.__0vsnprintf) refers (Special) to iusefp.o(.text) for __I$use$fp
    printfa.o(i.__0vsnprintf) refers to printfa.o(i._printf_core) for _printf_core
    printfa.o(i.__0vsnprintf) refers to printfa.o(i._snputc) for _snputc
    printfa.o(i.__0vsprintf) refers (Special) to iusefp.o(.text) for __I$use$fp
    printfa.o(i.__0vsprintf) refers to printfa.o(i._printf_core) for _printf_core
    printfa.o(i.__0vsprintf) refers to printfa.o(i._sputc) for _sputc
    printfa.o(i._fp_digits) refers (Special) to iusefp.o(.text) for __I$use$fp
    printfa.o(i._fp_digits) refers to dmul.o(.text) for __aeabi_dmul
    printfa.o(i._fp_digits) refers to ddiv.o(.text) for __aeabi_ddiv
    printfa.o(i._fp_digits) refers to cdrcmple.o(.text) for __aeabi_cdrcmple
    printfa.o(i._fp_digits) refers to dadd.o(.text) for __aeabi_dadd
    printfa.o(i._fp_digits) refers to dfixul.o(.text) for __aeabi_d2ulz
    printfa.o(i._fp_digits) refers to uldiv.o(.text) for __aeabi_uldivmod
    printfa.o(i._printf_core) refers (Special) to iusefp.o(.text) for __I$use$fp
    printfa.o(i._printf_core) refers to printfa.o(i._printf_pre_padding) for _printf_pre_padding
    printfa.o(i._printf_core) refers to uldiv.o(.text) for __aeabi_uldivmod
    printfa.o(i._printf_core) refers to printfa.o(i._printf_post_padding) for _printf_post_padding
    printfa.o(i._printf_core) refers to printfa.o(i._fp_digits) for _fp_digits
    printfa.o(i._printf_core) refers to uidiv.o(.text) for __aeabi_uidivmod
    printfa.o(i._printf_post_padding) refers (Special) to iusefp.o(.text) for __I$use$fp
    printfa.o(i._printf_pre_padding) refers (Special) to iusefp.o(.text) for __I$use$fp
    printfa.o(i._snputc) refers (Special) to iusefp.o(.text) for __I$use$fp
    printfa.o(i._sputc) refers (Special) to iusefp.o(.text) for __I$use$fp
    sscanf.o(.text) refers (Special) to _scanf_int.o(.text) for _scanf_int
    sscanf.o(.text) refers (Special) to _scanf_longlong.o(.text) for _scanf_longlong
    sscanf.o(.text) refers (Special) to scanf_fp.o(.text) for _scanf_real
    sscanf.o(.text) refers (Special) to _scanf_str.o(.text) for _scanf_string
    sscanf.o(.text) refers to scanf_char.o(.text) for __vfscanf_char
    sscanf.o(.text) refers to _sgetc.o(.text) for _sgetc
    f2d.o(.text) refers (Special) to iusefp.o(.text) for __I$use$fp
    entry2.o(.ARM.Collect$$$$00000001) refers to entry2.o(.ARM.Collect$$$$00002712) for __lit__00000000
    entry2.o(.ARM.Collect$$$$00002712) refers to startup_stm32f407xx.o(STACK) for __initial_sp
    entry2.o(__vectab_stack_and_reset_area) refers to startup_stm32f407xx.o(STACK) for __initial_sp
    entry2.o(__vectab_stack_and_reset_area) refers to entry.o(.ARM.Collect$$$$00000000) for __main
    entry5.o(.ARM.Collect$$$$00000004) refers to init.o(.text) for __scatterload
    entry9a.o(.ARM.Collect$$$$0000000B) refers to main.o(.text.main) for main
    entry9b.o(.ARM.Collect$$$$0000000C) refers to main.o(.text.main) for main
    fputc.o(i.fputc) refers (Special) to iusesemip.o(.text) for __I$use$semihosting$fputc
    fputc.o(i.fputc) refers (Special) to semi.o(.text) for __semihosting_library_function
    fputc_h.o(i._fputc$hlt) refers (Special) to iusesemip.o(.text) for __I$use$semihosting$fputc
    fputc_h.o(i._fputc$hlt) refers (Special) to semi.o(.text) for __semihosting_library_function
    uldiv.o(.text) refers to llushr.o(.text) for __aeabi_llsr
    uldiv.o(.text) refers to llshl.o(.text) for __aeabi_llsl
    _scanf_longlong.o(.text) refers to _chval.o(.text) for _chval
    _scanf_int.o(.text) refers to _chval.o(.text) for _chval
    scanf_fp.o(.text) refers (Special) to iusefp.o(.text) for __I$use$fp
    scanf_fp.o(.text) refers to dfltul.o(.text) for __aeabi_ul2d
    scanf_fp.o(.text) refers to dmul.o(.text) for __aeabi_dmul
    scanf_fp.o(.text) refers to ddiv.o(.text) for __aeabi_ddiv
    scanf_fp.o(.text) refers to scanf_fp.o(i._is_digit) for _is_digit
    scanf_fp.o(.text) refers to d2f.o(.text) for __aeabi_d2f
    scanf_char.o(.text) refers to _scanf.o(.text) for __vfscanf
    scanf_char.o(.text) refers to isspace_c.o(.text) for isspace
    dadd.o(.text) refers (Special) to iusefp.o(.text) for __I$use$fp
    dadd.o(.text) refers to llshl.o(.text) for __aeabi_llsl
    dadd.o(.text) refers to llsshr.o(.text) for __aeabi_lasr
    dadd.o(.text) refers to depilogue.o(.text) for _double_epilogue
    dmul.o(.text) refers (Special) to iusefp.o(.text) for __I$use$fp
    dmul.o(.text) refers to depilogue.o(.text) for _double_epilogue
    ddiv.o(.text) refers (Special) to iusefp.o(.text) for __I$use$fp
    ddiv.o(.text) refers to depilogue.o(.text) for _double_round
    dfixul.o(.text) refers (Special) to iusefp.o(.text) for __I$use$fp
    dfixul.o(.text) refers to llushr.o(.text) for __aeabi_llsr
    dfixul.o(.text) refers to llshl.o(.text) for __aeabi_llsl
    cdrcmple.o(.text) refers (Special) to iusefp.o(.text) for __I$use$fp
    init.o(.text) refers to entry5.o(.ARM.Collect$$$$00000004) for __main_after_scatterload
    isspace_c.o(.text) refers to ctype_c.o(.text) for __ctype_lookup
    _scanf.o(.text) refers (Weak) to scanf_fp.o(.text) for _scanf_real
    _scanf.o(.text) refers (Weak) to _scanf_longlong.o(.text) for _scanf_longlong
    _scanf.o(.text) refers (Weak) to _scanf_int.o(.text) for _scanf_int
    _scanf.o(.text) refers (Weak) to _scanf_str.o(.text) for _scanf_string
    depilogue.o(.text) refers (Special) to iusefp.o(.text) for __I$use$fp
    depilogue.o(.text) refers to llshl.o(.text) for __aeabi_llsl
    depilogue.o(.text) refers to llushr.o(.text) for __aeabi_llsr
    dfltul.o(.text) refers (Special) to iusefp.o(.text) for __I$use$fp
    dfltul.o(.text) refers to depilogue.o(.text) for _double_epilogue
    d2f.o(.text) refers (Special) to iusefp.o(.text) for __I$use$fp
    d2f.o(.text) refers to fepilogue.o(.text) for _float_round
    ctype_c.o(.text) refers to ctype_c.o(.constdata) for .constdata
    fepilogue.o(.text) refers (Special) to iusefp.o(.text) for __I$use$fp
    scanf_fp.o(i._is_digit) refers (Special) to iusefp.o(.text) for __I$use$fp


==============================================================================

Removing Unused input sections from the image.

    Removing main.o(.text), (0 bytes).
    Removing main.o(.ARM.exidx.text.main), (8 bytes).
    Removing main.o(.ARM.exidx.text.SystemClock_Config), (8 bytes).
    Removing main.o(.ARM.exidx.text.SysTick_Init), (8 bytes).
    Removing main.o(.ARM.exidx.text.GPIO_Init), (8 bytes).
    Removing main.o(.ARM.exidx.text.I2C1_Init), (8 bytes).
    Removing main.o(.ARM.exidx.text.SER_Init), (8 bytes).
    Removing main.o(.ARM.exidx.text.Parse_Data), (8 bytes).
    Removing main.o(.ARM.exidx.text.DrawVerticalBars), (8 bytes).
    Removing main.o(.ARM.exidx.text.Delay), (8 bytes).
    Removing main.o(.ARM.exidx.text.UART4_IRQHandler), (8 bytes).
    Removing main.o(.ARM.exidx.text.SysTick_Config), (8 bytes).
    Removing main.o(.ARM.exidx.text.SysTick_Handler), (8 bytes).
    Removing main.o(.ARM.exidx.text.I2C1_WriteData), (8 bytes).
    Removing main.o(.ARM.exidx.text.__NVIC_EnableIRQ), (8 bytes).
    Removing main.o(.ARM.exidx.text.__NVIC_SetPriority), (8 bytes).
    Removing main.o(.ARM.use_no_argv), (4 bytes).
    Removing fonts.o(.text), (0 bytes).
    Removing fonts.o(.rodata.Font_16x26), (12 bytes).
    Removing fonts.o(.rodata.Font16x26), (4940 bytes).
    Removing ssd1306.o(.text), (0 bytes).
    Removing ssd1306.o(.ARM.exidx.text.SSD1306_WriteCommand), (8 bytes).
    Removing ssd1306.o(.text.SSD1306_WriteData), (28 bytes).
    Removing ssd1306.o(.ARM.exidx.text.SSD1306_WriteData), (8 bytes).
    Removing ssd1306.o(.ARM.exidx.text.SSD1306_Init), (8 bytes).
    Removing ssd1306.o(.ARM.exidx.text.SSD1306_Clear), (8 bytes).
    Removing ssd1306.o(.ARM.exidx.text.SSD1306_UpdateScreen), (8 bytes).
    Removing ssd1306.o(.ARM.exidx.text.SSD1306_DrawPixel), (8 bytes).
    Removing ssd1306.o(.ARM.exidx.text.SSD1306_SetCursor), (8 bytes).
    Removing ssd1306.o(.ARM.exidx.text.SSD1306_DrawChar), (8 bytes).
    Removing ssd1306.o(.ARM.exidx.text.SSD1306_DrawString), (8 bytes).
    Removing startup_stm32f407xx.o(HEAP), (512 bytes).
    Removing system_stm32f4xx.o(.text), (0 bytes).
    Removing system_stm32f4xx.o(.ARM.exidx.text.SystemInit), (8 bytes).
    Removing system_stm32f4xx.o(.text.SystemCoreClockUpdate), (302 bytes).
    Removing system_stm32f4xx.o(.ARM.exidx.text.SystemCoreClockUpdate), (8 bytes).
    Removing system_stm32f4xx.o(.data.SystemCoreClock), (4 bytes).
    Removing system_stm32f4xx.o(.rodata.AHBPrescTable), (16 bytes).
    Removing system_stm32f4xx.o(.rodata.APBPrescTable), (8 bytes).

39 unused section(s) (total 6034 bytes) removed from the image.

==============================================================================

Image Symbol Table

    Local Symbols

    Symbol Name                              Value     Ov Type        Size  Object(Section)

    ../clib/division.s                       0x00000000   Number         0  aeabi_sdiv.o ABSOLUTE
    ../clib/microlib/ctype/ctype.c           0x00000000   Number         0  isspace_c.o ABSOLUTE
    ../clib/microlib/ctype/ctype.c           0x00000000   Number         0  ctype_c.o ABSOLUTE
    ../clib/microlib/division.c              0x00000000   Number         0  uidiv.o ABSOLUTE
    ../clib/microlib/division.c              0x00000000   Number         0  uldiv.o ABSOLUTE
    ../clib/microlib/init/entry.s            0x00000000   Number         0  entry.o ABSOLUTE
    ../clib/microlib/init/entry.s            0x00000000   Number         0  entry2.o ABSOLUTE
    ../clib/microlib/init/entry.s            0x00000000   Number         0  entry5.o ABSOLUTE
    ../clib/microlib/init/entry.s            0x00000000   Number         0  entry7a.o ABSOLUTE
    ../clib/microlib/init/entry.s            0x00000000   Number         0  entry7b.o ABSOLUTE
    ../clib/microlib/init/entry.s            0x00000000   Number         0  entry8a.o ABSOLUTE
    ../clib/microlib/init/entry.s            0x00000000   Number         0  entry8b.o ABSOLUTE
    ../clib/microlib/init/entry.s            0x00000000   Number         0  entry9a.o ABSOLUTE
    ../clib/microlib/init/entry.s            0x00000000   Number         0  entry9b.o ABSOLUTE
    ../clib/microlib/init/entry.s            0x00000000   Number         0  entry10a.o ABSOLUTE
    ../clib/microlib/init/entry.s            0x00000000   Number         0  entry10b.o ABSOLUTE
    ../clib/microlib/init/entry.s            0x00000000   Number         0  entry11a.o ABSOLUTE
    ../clib/microlib/init/entry.s            0x00000000   Number         0  entry11b.o ABSOLUTE
    ../clib/microlib/longlong.c              0x00000000   Number         0  llshl.o ABSOLUTE
    ../clib/microlib/longlong.c              0x00000000   Number         0  llushr.o ABSOLUTE
    ../clib/microlib/longlong.c              0x00000000   Number         0  llsshr.o ABSOLUTE
    ../clib/microlib/printf/printf.c         0x00000000   Number         0  printfa.o ABSOLUTE
    ../clib/microlib/stdio/fputc.c           0x00000000   Number         0  fputc.o ABSOLUTE
    ../clib/microlib/stdio/fputc.c           0x00000000   Number         0  fputc_h.o ABSOLUTE
    ../clib/microlib/stdio/semi.s            0x00000000   Number         0  semi.o ABSOLUTE
    ../clib/microlib/stdio/streams.c         0x00000000   Number         0  stdout.o ABSOLUTE
    ../clib/microlib/string/memset.c         0x00000000   Number         0  memseta.o ABSOLUTE
    ../clib/microlib/stubs.s                 0x00000000   Number         0  iusefp.o ABSOLUTE
    ../clib/microlib/stubs.s                 0x00000000   Number         0  iusesemip.o ABSOLUTE
    ../clib/scanf.c                          0x00000000   Number         0  sscanf.o ABSOLUTE
    ../clib/scanf.c                          0x00000000   Number         0  _scanf_longlong.o ABSOLUTE
    ../clib/scanf.c                          0x00000000   Number         0  _scanf_int.o ABSOLUTE
    ../clib/scanf.c                          0x00000000   Number         0  _scanf_str.o ABSOLUTE
    ../clib/scanf.c                          0x00000000   Number         0  scanf_fp.o ABSOLUTE
    ../clib/scanf.c                          0x00000000   Number         0  scanf_char.o ABSOLUTE
    ../clib/scanf.c                          0x00000000   Number         0  _sgetc.o ABSOLUTE
    ../clib/scanf.c                          0x00000000   Number         0  _chval.o ABSOLUTE
    ../clib/scanf.c                          0x00000000   Number         0  _scanf.o ABSOLUTE
    ../fplib/microlib/d2f.c                  0x00000000   Number         0  d2f.o ABSOLUTE
    ../fplib/microlib/f2d.c                  0x00000000   Number         0  f2d.o ABSOLUTE
    ../fplib/microlib/fpadd.c                0x00000000   Number         0  dadd.o ABSOLUTE
    ../fplib/microlib/fpdiv.c                0x00000000   Number         0  ddiv.o ABSOLUTE
    ../fplib/microlib/fpepilogue.c           0x00000000   Number         0  depilogue.o ABSOLUTE
    ../fplib/microlib/fpepilogue.c           0x00000000   Number         0  fepilogue.o ABSOLUTE
    ../fplib/microlib/fpfix.c                0x00000000   Number         0  dfixul.o ABSOLUTE
    ../fplib/microlib/fpflt.c                0x00000000   Number         0  dfltul.o ABSOLUTE
    ../fplib/microlib/fpmul.c                0x00000000   Number         0  dmul.o ABSOLUTE
    RTE/Device/STM32F407VGTx/startup_stm32f407xx.s 0x00000000   Number         0  startup_stm32f407xx.o ABSOLUTE
    cdrcmple.s                               0x00000000   Number         0  cdrcmple.o ABSOLUTE
    dc.s                                     0x00000000   Number         0  dc.o ABSOLUTE
    fonts.c                                  0x00000000   Number         0  fonts.o ABSOLUTE
    handlers.s                               0x00000000   Number         0  handlers.o ABSOLUTE
    init.s                                   0x00000000   Number         0  init.o ABSOLUTE
    main.c                                   0x00000000   Number         0  main.o ABSOLUTE
    ssd1306.c                                0x00000000   Number         0  ssd1306.o ABSOLUTE
    system_stm32f4xx.c                       0x00000000   Number         0  system_stm32f4xx.o ABSOLUTE
    RESET                                    0x08000000   Section      392  startup_stm32f407xx.o(RESET)
    .ARM.Collect$$$$00000000                 0x08000188   Section        0  entry.o(.ARM.Collect$$$$00000000)
    .ARM.Collect$$$$00000001                 0x08000188   Section        4  entry2.o(.ARM.Collect$$$$00000001)
    .ARM.Collect$$$$00000004                 0x0800018c   Section        4  entry5.o(.ARM.Collect$$$$00000004)
    .ARM.Collect$$$$00000008                 0x08000190   Section        0  entry7b.o(.ARM.Collect$$$$00000008)
    .ARM.Collect$$$$0000000A                 0x08000190   Section        0  entry8b.o(.ARM.Collect$$$$0000000A)
    .ARM.Collect$$$$0000000B                 0x08000190   Section        8  entry9a.o(.ARM.Collect$$$$0000000B)
    __lit__00000000                          0x08000198   Data           4  entry2.o(.ARM.Collect$$$$00002712)
    .ARM.Collect$$$$0000000D                 0x08000198   Section        0  entry10a.o(.ARM.Collect$$$$0000000D)
    .ARM.Collect$$$$0000000F                 0x08000198   Section        0  entry11a.o(.ARM.Collect$$$$0000000F)
    .ARM.Collect$$$$00002712                 0x08000198   Section        4  entry2.o(.ARM.Collect$$$$00002712)
    $v0                                      0x0800019c   Number         0  startup_stm32f407xx.o(.text)
    .text                                    0x0800019c   Section       36  startup_stm32f407xx.o(.text)
    .text                                    0x080001c0   Section        0  memseta.o(.text)
    .text                                    0x080001e4   Section        0  sscanf.o(.text)
    .text                                    0x0800021c   Section        0  f2d.o(.text)
    .text                                    0x08000242   Section        0  uidiv.o(.text)
    .text                                    0x0800026e   Section        0  uldiv.o(.text)
    .text                                    0x080002d0   Section        0  _scanf_longlong.o(.text)
    .text                                    0x08000426   Section        0  _scanf_int.o(.text)
    .text                                    0x08000572   Section        0  _scanf_str.o(.text)
    _fp_value                                0x08000655   Thumb Code   296  scanf_fp.o(.text)
    .text                                    0x08000654   Section        0  scanf_fp.o(.text)
    _scanf_char_input                        0x080009b5   Thumb Code    12  scanf_char.o(.text)
    .text                                    0x080009b4   Section        0  scanf_char.o(.text)
    .text                                    0x080009dc   Section        0  _sgetc.o(.text)
    .text                                    0x08000a1c   Section        0  iusefp.o(.text)
    .text                                    0x08000a1c   Section        0  dadd.o(.text)
    .text                                    0x08000b6a   Section        0  dmul.o(.text)
    .text                                    0x08000c4e   Section        0  ddiv.o(.text)
    .text                                    0x08000d2c   Section        0  dfixul.o(.text)
    .text                                    0x08000d5c   Section       48  cdrcmple.o(.text)
    .text                                    0x08000d8c   Section       48  init.o(.text)
    .text                                    0x08000dbc   Section        0  llshl.o(.text)
    .text                                    0x08000dda   Section        0  llushr.o(.text)
    .text                                    0x08000dfa   Section        0  llsshr.o(.text)
    .text                                    0x08000e1e   Section        0  isspace_c.o(.text)
    .text                                    0x08000e28   Section        0  _chval.o(.text)
    .text                                    0x08000e44   Section        0  _scanf.o(.text)
    .text                                    0x08001170   Section        0  depilogue.o(.text)
    .text                                    0x0800122a   Section        0  dfltul.o(.text)
    .text                                    0x08001242   Section        0  d2f.o(.text)
    .text                                    0x0800127c   Section        0  ctype_c.o(.text)
    .text                                    0x080012a4   Section        0  fepilogue.o(.text)
    [Anonymous Symbol]                       0x08001314   Section        0  main.o(.text.Delay)
    [Anonymous Symbol]                       0x08001344   Section        0  main.o(.text.DrawVerticalBars)
    [Anonymous Symbol]                       0x08001464   Section        0  main.o(.text.GPIO_Init)
    [Anonymous Symbol]                       0x080014d8   Section        0  main.o(.text.I2C1_Init)
    [Anonymous Symbol]                       0x08001530   Section        0  main.o(.text.I2C1_WriteData)
    [Anonymous Symbol]                       0x0800162c   Section        0  main.o(.text.Parse_Data)
    [Anonymous Symbol]                       0x08001678   Section        0  main.o(.text.SER_Init)
    [Anonymous Symbol]                       0x080016e8   Section        0  ssd1306.o(.text.SSD1306_Clear)
    [Anonymous Symbol]                       0x080016fc   Section        0  ssd1306.o(.text.SSD1306_DrawChar)
    [Anonymous Symbol]                       0x0800181c   Section        0  ssd1306.o(.text.SSD1306_DrawPixel)
    [Anonymous Symbol]                       0x080018a8   Section        0  ssd1306.o(.text.SSD1306_DrawString)
    [Anonymous Symbol]                       0x080018f8   Section        0  ssd1306.o(.text.SSD1306_Init)
    [Anonymous Symbol]                       0x080019d4   Section        0  ssd1306.o(.text.SSD1306_SetCursor)
    [Anonymous Symbol]                       0x080019f8   Section        0  ssd1306.o(.text.SSD1306_UpdateScreen)
    [Anonymous Symbol]                       0x08001a54   Section        0  ssd1306.o(.text.SSD1306_WriteCommand)
    SysTick_Config                           0x08001a71   Thumb Code    82  main.o(.text.SysTick_Config)
    [Anonymous Symbol]                       0x08001a70   Section        0  main.o(.text.SysTick_Config)
    [Anonymous Symbol]                       0x08001ac4   Section        0  main.o(.text.SysTick_Handler)
    [Anonymous Symbol]                       0x08001ad4   Section        0  main.o(.text.SysTick_Init)
    [Anonymous Symbol]                       0x08001ae4   Section        0  main.o(.text.SystemClock_Config)
    [Anonymous Symbol]                       0x08001b8c   Section        0  system_stm32f4xx.o(.text.SystemInit)
    [Anonymous Symbol]                       0x08001ba0   Section        0  main.o(.text.UART4_IRQHandler)
    __NVIC_EnableIRQ                         0x08001c29   Thumb Code    48  main.o(.text.__NVIC_EnableIRQ)
    [Anonymous Symbol]                       0x08001c28   Section        0  main.o(.text.__NVIC_EnableIRQ)
    __NVIC_SetPriority                       0x08001c59   Thumb Code    66  main.o(.text.__NVIC_SetPriority)
    [Anonymous Symbol]                       0x08001c58   Section        0  main.o(.text.__NVIC_SetPriority)
    [Anonymous Symbol]                       0x08001c9c   Section        0  main.o(.text.main)
    i.__0sprintf                             0x08002024   Section        0  printfa.o(i.__0sprintf)
    i.__scatterload_copy                     0x0800204c   Section       14  handlers.o(i.__scatterload_copy)
    i.__scatterload_null                     0x0800205a   Section        2  handlers.o(i.__scatterload_null)
    i.__scatterload_zeroinit                 0x0800205c   Section       14  handlers.o(i.__scatterload_zeroinit)
    _fp_digits                               0x0800206d   Thumb Code   366  printfa.o(i._fp_digits)
    i._fp_digits                             0x0800206c   Section        0  printfa.o(i._fp_digits)
    i._is_digit                              0x080021f0   Section        0  scanf_fp.o(i._is_digit)
    _printf_core                             0x08002201   Thumb Code  1744  printfa.o(i._printf_core)
    i._printf_core                           0x08002200   Section        0  printfa.o(i._printf_core)
    _printf_post_padding                     0x080028dd   Thumb Code    36  printfa.o(i._printf_post_padding)
    i._printf_post_padding                   0x080028dc   Section        0  printfa.o(i._printf_post_padding)
    _printf_pre_padding                      0x08002901   Thumb Code    46  printfa.o(i._printf_pre_padding)
    i._printf_pre_padding                    0x08002900   Section        0  printfa.o(i._printf_pre_padding)
    _sputc                                   0x0800292f   Thumb Code    10  printfa.o(i._sputc)
    i._sputc                                 0x0800292e   Section        0  printfa.o(i._sputc)
    .constdata                               0x08002938   Section       64  ctype_c.o(.constdata)
    Font11x18                                0x08002978   Data        3420  fonts.o(.rodata.Font11x18)
    [Anonymous Symbol]                       0x08002978   Section        0  fonts.o(.rodata.Font11x18)
    Font7x10                                 0x080036d4   Data        1900  fonts.o(.rodata.Font7x10)
    [Anonymous Symbol]                       0x080036d4   Section        0  fonts.o(.rodata.Font7x10)
    .L.str                                   0x08003e58   Data          12  main.o(.rodata.str1.1)
    [Anonymous Symbol]                       0x08003e58   Section        0  main.o(.rodata.str1.1)
    .L.str.3                                 0x08003e64   Data          10  main.o(.rodata.str1.1)
    .L.str.5                                 0x08003e6e   Data          11  main.o(.rodata.str1.1)
    .L.str.1                                 0x08003e79   Data          10  main.o(.rodata.str1.1)
    .L.str.11                                0x08003e83   Data           4  main.o(.rodata.str1.1)
    .L.str.7                                 0x08003e87   Data           7  main.o(.rodata.str1.1)
    .L.str.6                                 0x08003e8e   Data           7  main.o(.rodata.str1.1)
    .L.str.8                                 0x08003e95   Data           9  main.o(.rodata.str1.1)
    .L.str.12                                0x08003e9e   Data          19  main.o(.rodata.str1.1)
    .L.str.10                                0x08003eb1   Data           9  main.o(.rodata.str1.1)
    .L.str.4                                 0x08003eba   Data           9  main.o(.rodata.str1.1)
    .L.str.2                                 0x08003ec3   Data           9  main.o(.rodata.str1.1)
    .L.str.9                                 0x08003ecc   Data           9  main.o(.rodata.str1.1)
    SSD1306                                  0x20000000   Data           4  ssd1306.o(.bss.SSD1306)
    [Anonymous Symbol]                       0x20000000   Section        0  ssd1306.o(.bss.SSD1306)
    SSD1306_Buffer                           0x20000004   Data        1024  ssd1306.o(.bss.SSD1306_Buffer)
    [Anonymous Symbol]                       0x20000004   Section        0  ssd1306.o(.bss.SSD1306_Buffer)
    STACK                                    0x20000488   Section     1024  startup_stm32f407xx.o(STACK)

    Global Symbols

    Symbol Name                              Value     Ov Type        Size  Object(Section)

    BuildAttributes$$THM_ISAv4$E$P$D$K$B$S$7EM$VFPi3$EXTD16$VFPS$VFMA$PE$A:L22UL41UL21$X:L11$S22US41US21$IEEE1$IW$~IW$USESV6$~STKCKD$USESV7$~SHL$OTIME$ROPI$EBA8$MICROLIB$REQ8$PRES8$EABIv2 0x00000000   Number         0  anon$$obj.o ABSOLUTE
    __cpp_initialize__aeabi_                  - Undefined Weak Reference
    __cxa_finalize                            - Undefined Weak Reference
    __decompress                              - Undefined Weak Reference
    _clock_init                               - Undefined Weak Reference
    _microlib_exit                            - Undefined Weak Reference
    __Vectors_Size                           0x00000188   Number         0  startup_stm32f407xx.o ABSOLUTE
    __Vectors                                0x08000000   Data           4  startup_stm32f407xx.o(RESET)
    __Vectors_End                            0x08000188   Data           0  startup_stm32f407xx.o(RESET)
    __main                                   0x08000189   Thumb Code     0  entry.o(.ARM.Collect$$$$00000000)
    _main_stk                                0x08000189   Thumb Code     0  entry2.o(.ARM.Collect$$$$00000001)
    _main_scatterload                        0x0800018d   Thumb Code     0  entry5.o(.ARM.Collect$$$$00000004)
    __main_after_scatterload                 0x08000191   Thumb Code     0  entry5.o(.ARM.Collect$$$$00000004)
    _main_clock                              0x08000191   Thumb Code     0  entry7b.o(.ARM.Collect$$$$00000008)
    _main_cpp_init                           0x08000191   Thumb Code     0  entry8b.o(.ARM.Collect$$$$0000000A)
    _main_init                               0x08000191   Thumb Code     0  entry9a.o(.ARM.Collect$$$$0000000B)
    __rt_final_cpp                           0x08000199   Thumb Code     0  entry10a.o(.ARM.Collect$$$$0000000D)
    __rt_final_exit                          0x08000199   Thumb Code     0  entry11a.o(.ARM.Collect$$$$0000000F)
    Reset_Handler                            0x0800019d   Thumb Code     8  startup_stm32f407xx.o(.text)
    NMI_Handler                              0x080001a5   Thumb Code     2  startup_stm32f407xx.o(.text)
    HardFault_Handler                        0x080001a7   Thumb Code     2  startup_stm32f407xx.o(.text)
    MemManage_Handler                        0x080001a9   Thumb Code     2  startup_stm32f407xx.o(.text)
    BusFault_Handler                         0x080001ab   Thumb Code     2  startup_stm32f407xx.o(.text)
    UsageFault_Handler                       0x080001ad   Thumb Code     2  startup_stm32f407xx.o(.text)
    SVC_Handler                              0x080001af   Thumb Code     2  startup_stm32f407xx.o(.text)
    DebugMon_Handler                         0x080001b1   Thumb Code     2  startup_stm32f407xx.o(.text)
    PendSV_Handler                           0x080001b3   Thumb Code     2  startup_stm32f407xx.o(.text)
    ADC_IRQHandler                           0x080001b7   Thumb Code     0  startup_stm32f407xx.o(.text)
    CAN1_RX0_IRQHandler                      0x080001b7   Thumb Code     0  startup_stm32f407xx.o(.text)
    CAN1_RX1_IRQHandler                      0x080001b7   Thumb Code     0  startup_stm32f407xx.o(.text)
    CAN1_SCE_IRQHandler                      0x080001b7   Thumb Code     0  startup_stm32f407xx.o(.text)
    CAN1_TX_IRQHandler                       0x080001b7   Thumb Code     0  startup_stm32f407xx.o(.text)
    CAN2_RX0_IRQHandler                      0x080001b7   Thumb Code     0  startup_stm32f407xx.o(.text)
    CAN2_RX1_IRQHandler                      0x080001b7   Thumb Code     0  startup_stm32f407xx.o(.text)
    CAN2_SCE_IRQHandler                      0x080001b7   Thumb Code     0  startup_stm32f407xx.o(.text)
    CAN2_TX_IRQHandler                       0x080001b7   Thumb Code     0  startup_stm32f407xx.o(.text)
    DCMI_IRQHandler                          0x080001b7   Thumb Code     0  startup_stm32f407xx.o(.text)
    DMA1_Stream0_IRQHandler                  0x080001b7   Thumb Code     0  startup_stm32f407xx.o(.text)
    DMA1_Stream1_IRQHandler                  0x080001b7   Thumb Code     0  startup_stm32f407xx.o(.text)
    DMA1_Stream2_IRQHandler                  0x080001b7   Thumb Code     0  startup_stm32f407xx.o(.text)
    DMA1_Stream3_IRQHandler                  0x080001b7   Thumb Code     0  startup_stm32f407xx.o(.text)
    DMA1_Stream4_IRQHandler                  0x080001b7   Thumb Code     0  startup_stm32f407xx.o(.text)
    DMA1_Stream5_IRQHandler                  0x080001b7   Thumb Code     0  startup_stm32f407xx.o(.text)
    DMA1_Stream6_IRQHandler                  0x080001b7   Thumb Code     0  startup_stm32f407xx.o(.text)
    DMA1_Stream7_IRQHandler                  0x080001b7   Thumb Code     0  startup_stm32f407xx.o(.text)
    DMA2_Stream0_IRQHandler                  0x080001b7   Thumb Code     0  startup_stm32f407xx.o(.text)
    DMA2_Stream1_IRQHandler                  0x080001b7   Thumb Code     0  startup_stm32f407xx.o(.text)
    DMA2_Stream2_IRQHandler                  0x080001b7   Thumb Code     0  startup_stm32f407xx.o(.text)
    DMA2_Stream3_IRQHandler                  0x080001b7   Thumb Code     0  startup_stm32f407xx.o(.text)
    DMA2_Stream4_IRQHandler                  0x080001b7   Thumb Code     0  startup_stm32f407xx.o(.text)
    DMA2_Stream5_IRQHandler                  0x080001b7   Thumb Code     0  startup_stm32f407xx.o(.text)
    DMA2_Stream6_IRQHandler                  0x080001b7   Thumb Code     0  startup_stm32f407xx.o(.text)
    DMA2_Stream7_IRQHandler                  0x080001b7   Thumb Code     0  startup_stm32f407xx.o(.text)
    ETH_IRQHandler                           0x080001b7   Thumb Code     0  startup_stm32f407xx.o(.text)
    ETH_WKUP_IRQHandler                      0x080001b7   Thumb Code     0  startup_stm32f407xx.o(.text)
    EXTI0_IRQHandler                         0x080001b7   Thumb Code     0  startup_stm32f407xx.o(.text)
    EXTI15_10_IRQHandler                     0x080001b7   Thumb Code     0  startup_stm32f407xx.o(.text)
    EXTI1_IRQHandler                         0x080001b7   Thumb Code     0  startup_stm32f407xx.o(.text)
    EXTI2_IRQHandler                         0x080001b7   Thumb Code     0  startup_stm32f407xx.o(.text)
    EXTI3_IRQHandler                         0x080001b7   Thumb Code     0  startup_stm32f407xx.o(.text)
    EXTI4_IRQHandler                         0x080001b7   Thumb Code     0  startup_stm32f407xx.o(.text)
    EXTI9_5_IRQHandler                       0x080001b7   Thumb Code     0  startup_stm32f407xx.o(.text)
    FLASH_IRQHandler                         0x080001b7   Thumb Code     0  startup_stm32f407xx.o(.text)
    FMC_IRQHandler                           0x080001b7   Thumb Code     0  startup_stm32f407xx.o(.text)
    FPU_IRQHandler                           0x080001b7   Thumb Code     0  startup_stm32f407xx.o(.text)
    HASH_RNG_IRQHandler                      0x080001b7   Thumb Code     0  startup_stm32f407xx.o(.text)
    I2C1_ER_IRQHandler                       0x080001b7   Thumb Code     0  startup_stm32f407xx.o(.text)
    I2C1_EV_IRQHandler                       0x080001b7   Thumb Code     0  startup_stm32f407xx.o(.text)
    I2C2_ER_IRQHandler                       0x080001b7   Thumb Code     0  startup_stm32f407xx.o(.text)
    I2C2_EV_IRQHandler                       0x080001b7   Thumb Code     0  startup_stm32f407xx.o(.text)
    I2C3_ER_IRQHandler                       0x080001b7   Thumb Code     0  startup_stm32f407xx.o(.text)
    I2C3_EV_IRQHandler                       0x080001b7   Thumb Code     0  startup_stm32f407xx.o(.text)
    OTG_FS_IRQHandler                        0x080001b7   Thumb Code     0  startup_stm32f407xx.o(.text)
    OTG_FS_WKUP_IRQHandler                   0x080001b7   Thumb Code     0  startup_stm32f407xx.o(.text)
    OTG_HS_EP1_IN_IRQHandler                 0x080001b7   Thumb Code     0  startup_stm32f407xx.o(.text)
    OTG_HS_EP1_OUT_IRQHandler                0x080001b7   Thumb Code     0  startup_stm32f407xx.o(.text)
    OTG_HS_IRQHandler                        0x080001b7   Thumb Code     0  startup_stm32f407xx.o(.text)
    OTG_HS_WKUP_IRQHandler                   0x080001b7   Thumb Code     0  startup_stm32f407xx.o(.text)
    PVD_IRQHandler                           0x080001b7   Thumb Code     0  startup_stm32f407xx.o(.text)
    RCC_IRQHandler                           0x080001b7   Thumb Code     0  startup_stm32f407xx.o(.text)
    RTC_Alarm_IRQHandler                     0x080001b7   Thumb Code     0  startup_stm32f407xx.o(.text)
    RTC_WKUP_IRQHandler                      0x080001b7   Thumb Code     0  startup_stm32f407xx.o(.text)
    SDIO_IRQHandler                          0x080001b7   Thumb Code     0  startup_stm32f407xx.o(.text)
    SPI1_IRQHandler                          0x080001b7   Thumb Code     0  startup_stm32f407xx.o(.text)
    SPI2_IRQHandler                          0x080001b7   Thumb Code     0  startup_stm32f407xx.o(.text)
    SPI3_IRQHandler                          0x080001b7   Thumb Code     0  startup_stm32f407xx.o(.text)
    TAMP_STAMP_IRQHandler                    0x080001b7   Thumb Code     0  startup_stm32f407xx.o(.text)
    TIM1_BRK_TIM9_IRQHandler                 0x080001b7   Thumb Code     0  startup_stm32f407xx.o(.text)
    TIM1_CC_IRQHandler                       0x080001b7   Thumb Code     0  startup_stm32f407xx.o(.text)
    TIM1_TRG_COM_TIM11_IRQHandler            0x080001b7   Thumb Code     0  startup_stm32f407xx.o(.text)
    TIM1_UP_TIM10_IRQHandler                 0x080001b7   Thumb Code     0  startup_stm32f407xx.o(.text)
    TIM2_IRQHandler                          0x080001b7   Thumb Code     0  startup_stm32f407xx.o(.text)
    TIM3_IRQHandler                          0x080001b7   Thumb Code     0  startup_stm32f407xx.o(.text)
    TIM4_IRQHandler                          0x080001b7   Thumb Code     0  startup_stm32f407xx.o(.text)
    TIM5_IRQHandler                          0x080001b7   Thumb Code     0  startup_stm32f407xx.o(.text)
    TIM6_DAC_IRQHandler                      0x080001b7   Thumb Code     0  startup_stm32f407xx.o(.text)
    TIM7_IRQHandler                          0x080001b7   Thumb Code     0  startup_stm32f407xx.o(.text)
    TIM8_BRK_TIM12_IRQHandler                0x080001b7   Thumb Code     0  startup_stm32f407xx.o(.text)
    TIM8_CC_IRQHandler                       0x080001b7   Thumb Code     0  startup_stm32f407xx.o(.text)
    TIM8_TRG_COM_TIM14_IRQHandler            0x080001b7   Thumb Code     0  startup_stm32f407xx.o(.text)
    TIM8_UP_TIM13_IRQHandler                 0x080001b7   Thumb Code     0  startup_stm32f407xx.o(.text)
    UART5_IRQHandler                         0x080001b7   Thumb Code     0  startup_stm32f407xx.o(.text)
    USART1_IRQHandler                        0x080001b7   Thumb Code     0  startup_stm32f407xx.o(.text)
    USART2_IRQHandler                        0x080001b7   Thumb Code     0  startup_stm32f407xx.o(.text)
    USART3_IRQHandler                        0x080001b7   Thumb Code     0  startup_stm32f407xx.o(.text)
    USART6_IRQHandler                        0x080001b7   Thumb Code     0  startup_stm32f407xx.o(.text)
    WWDG_IRQHandler                          0x080001b7   Thumb Code     0  startup_stm32f407xx.o(.text)
    __aeabi_memset                           0x080001c1   Thumb Code    14  memseta.o(.text)
    __aeabi_memset4                          0x080001c1   Thumb Code     0  memseta.o(.text)
    __aeabi_memset8                          0x080001c1   Thumb Code     0  memseta.o(.text)
    __aeabi_memclr                           0x080001cf   Thumb Code     4  memseta.o(.text)
    __aeabi_memclr4                          0x080001cf   Thumb Code     0  memseta.o(.text)
    __aeabi_memclr8                          0x080001cf   Thumb Code     0  memseta.o(.text)
    _memset$wrapper                          0x080001d3   Thumb Code    18  memseta.o(.text)
    sscanf                                   0x080001e5   Thumb Code    48  sscanf.o(.text)
    __aeabi_f2d                              0x0800021d   Thumb Code    38  f2d.o(.text)
    __aeabi_uidiv                            0x08000243   Thumb Code     0  uidiv.o(.text)
    __aeabi_uidivmod                         0x08000243   Thumb Code    44  uidiv.o(.text)
    __aeabi_uldivmod                         0x0800026f   Thumb Code    98  uldiv.o(.text)
    _scanf_longlong                          0x080002d1   Thumb Code   342  _scanf_longlong.o(.text)
    _scanf_int                               0x08000427   Thumb Code   332  _scanf_int.o(.text)
    _scanf_string                            0x08000573   Thumb Code   224  _scanf_str.o(.text)
    _scanf_real                              0x0800077d   Thumb Code     0  scanf_fp.o(.text)
    _scanf_really_real                       0x0800077d   Thumb Code   556  scanf_fp.o(.text)
    __vfscanf_char                           0x080009c1   Thumb Code    20  scanf_char.o(.text)
    _sgetc                                   0x080009dd   Thumb Code    30  _sgetc.o(.text)
    _sbackspace                              0x080009fb   Thumb Code    34  _sgetc.o(.text)
    __I$use$fp                               0x08000a1d   Thumb Code     0  iusefp.o(.text)
    __aeabi_dadd                             0x08000a1d   Thumb Code   322  dadd.o(.text)
    __aeabi_dsub                             0x08000b5f   Thumb Code     6  dadd.o(.text)
    __aeabi_drsub                            0x08000b65   Thumb Code     6  dadd.o(.text)
    __aeabi_dmul                             0x08000b6b   Thumb Code   228  dmul.o(.text)
    __aeabi_ddiv                             0x08000c4f   Thumb Code   222  ddiv.o(.text)
    __aeabi_d2ulz                            0x08000d2d   Thumb Code    48  dfixul.o(.text)
    __aeabi_cdrcmple                         0x08000d5d   Thumb Code    48  cdrcmple.o(.text)
    __scatterload                            0x08000d8d   Thumb Code    38  init.o(.text)
    __scatterload_rt2                        0x08000d8d   Thumb Code     0  init.o(.text)
    __aeabi_llsl                             0x08000dbd   Thumb Code    30  llshl.o(.text)
    _ll_shift_l                              0x08000dbd   Thumb Code     0  llshl.o(.text)
    __aeabi_llsr                             0x08000ddb   Thumb Code    32  llushr.o(.text)
    _ll_ushift_r                             0x08000ddb   Thumb Code     0  llushr.o(.text)
    __aeabi_lasr                             0x08000dfb   Thumb Code    36  llsshr.o(.text)
    _ll_sshift_r                             0x08000dfb   Thumb Code     0  llsshr.o(.text)
    isspace                                  0x08000e1f   Thumb Code    10  isspace_c.o(.text)
    _chval                                   0x08000e29   Thumb Code    28  _chval.o(.text)
    __vfscanf                                0x08000e45   Thumb Code   808  _scanf.o(.text)
    _double_round                            0x08001171   Thumb Code    30  depilogue.o(.text)
    _double_epilogue                         0x0800118f   Thumb Code   156  depilogue.o(.text)
    __aeabi_ul2d                             0x0800122b   Thumb Code    24  dfltul.o(.text)
    __aeabi_d2f                              0x08001243   Thumb Code    56  d2f.o(.text)
    __ctype_lookup                           0x0800127d   Thumb Code    34  ctype_c.o(.text)
    _float_round                             0x080012a5   Thumb Code    18  fepilogue.o(.text)
    _float_epilogue                          0x080012b7   Thumb Code    92  fepilogue.o(.text)
    Delay                                    0x08001315   Thumb Code    46  main.o(.text.Delay)
    DrawVerticalBars                         0x08001345   Thumb Code   288  main.o(.text.DrawVerticalBars)
    GPIO_Init                                0x08001465   Thumb Code   114  main.o(.text.GPIO_Init)
    I2C1_Init                                0x080014d9   Thumb Code    88  main.o(.text.I2C1_Init)
    I2C1_WriteData                           0x08001531   Thumb Code   252  main.o(.text.I2C1_WriteData)
    Parse_Data                               0x0800162d   Thumb Code    76  main.o(.text.Parse_Data)
    SER_Init                                 0x08001679   Thumb Code   110  main.o(.text.SER_Init)
    SSD1306_Clear                            0x080016e9   Thumb Code    20  ssd1306.o(.text.SSD1306_Clear)
    SSD1306_DrawChar                         0x080016fd   Thumb Code   286  ssd1306.o(.text.SSD1306_DrawChar)
    SSD1306_DrawPixel                        0x0800181d   Thumb Code   138  ssd1306.o(.text.SSD1306_DrawPixel)
    SSD1306_DrawString                       0x080018a9   Thumb Code    78  ssd1306.o(.text.SSD1306_DrawString)
    SSD1306_Init                             0x080018f9   Thumb Code   220  ssd1306.o(.text.SSD1306_Init)
    SSD1306_SetCursor                        0x080019d5   Thumb Code    34  ssd1306.o(.text.SSD1306_SetCursor)
    SSD1306_UpdateScreen                     0x080019f9   Thumb Code    90  ssd1306.o(.text.SSD1306_UpdateScreen)
    SSD1306_WriteCommand                     0x08001a55   Thumb Code    26  ssd1306.o(.text.SSD1306_WriteCommand)
    SysTick_Handler                          0x08001ac5   Thumb Code    16  main.o(.text.SysTick_Handler)
    SysTick_Init                             0x08001ad5   Thumb Code    16  main.o(.text.SysTick_Init)
    SystemClock_Config                       0x08001ae5   Thumb Code   166  main.o(.text.SystemClock_Config)
    SystemInit                               0x08001b8d   Thumb Code    18  system_stm32f4xx.o(.text.SystemInit)
    UART4_IRQHandler                         0x08001ba1   Thumb Code   136  main.o(.text.UART4_IRQHandler)
    main                                     0x08001c9d   Thumb Code   900  main.o(.text.main)
    __0sprintf                               0x08002025   Thumb Code    34  printfa.o(i.__0sprintf)
    __1sprintf                               0x08002025   Thumb Code     0  printfa.o(i.__0sprintf)
    __2sprintf                               0x08002025   Thumb Code     0  printfa.o(i.__0sprintf)
    __c89sprintf                             0x08002025   Thumb Code     0  printfa.o(i.__0sprintf)
    sprintf                                  0x08002025   Thumb Code     0  printfa.o(i.__0sprintf)
    __scatterload_copy                       0x0800204d   Thumb Code    14  handlers.o(i.__scatterload_copy)
    __scatterload_null                       0x0800205b   Thumb Code     2  handlers.o(i.__scatterload_null)
    __scatterload_zeroinit                   0x0800205d   Thumb Code    14  handlers.o(i.__scatterload_zeroinit)
    _is_digit                                0x080021f1   Thumb Code    14  scanf_fp.o(i._is_digit)
    __ctype_categories                       0x08002938   Data          64  ctype_c.o(.constdata)
    Font_11x18                               0x08003e40   Data          12  fonts.o(.rodata.Font_11x18)
    Font_7x10                                0x08003e4c   Data          12  fonts.o(.rodata.Font_7x10)
    Region$$Table$$Base                      0x08003ed8   Number         0  anon$$obj.o(Region$$Table)
    Region$$Table$$Limit                     0x08003ee8   Number         0  anon$$obj.o(Region$$Table)
    dataReady                                0x20000404   Data           1  main.o(.bss.dataReady)
    msTicks                                  0x20000408   Data           4  main.o(.bss.msTicks)
    rem_Gas                                  0x2000040c   Data           4  main.o(.bss.rem_Gas)
    rem_Press                                0x20000410   Data           4  main.o(.bss.rem_Press)
    rem_Sound                                0x20000414   Data           4  main.o(.bss.rem_Sound)
    rem_Temp                                 0x20000418   Data           4  main.o(.bss.rem_Temp)
    rem_Vibration                            0x2000041c   Data           1  main.o(.bss.rem_Vibration)
    rxBuffer                                 0x2000041d   Data         100  main.o(.bss.rxBuffer)
    rxIndex                                  0x20000481   Data           1  main.o(.bss.rxIndex)
    __initial_sp                             0x20000888   Data           0  startup_stm32f407xx.o(STACK)



==============================================================================

Memory Map of the image

  Image Entry point : 0x0800019d

  Load Region LR_1 (Base: 0x08000000, Size: 0x00003ee8, Max: 0xffffffff, ABSOLUTE)

    Execution Region ER_RO (Exec base: 0x08000000, Load base: 0x08000000, Size: 0x00003ee8, Max: 0xffffffff, ABSOLUTE)

    Exec Addr    Load Addr    Size         Type   Attr      Idx    E Section Name        Object

    0x08000000   0x08000000   0x00000188   Data   RO           89    RESET               startup_stm32f407xx.o
    0x08000188   0x08000188   0x00000000   Code   RO          110  * .ARM.Collect$$$$00000000  mc_w.l(entry.o)
    0x08000188   0x08000188   0x00000004   Code   RO          147    .ARM.Collect$$$$00000001  mc_w.l(entry2.o)
    0x0800018c   0x0800018c   0x00000004   Code   RO          150    .ARM.Collect$$$$00000004  mc_w.l(entry5.o)
    0x08000190   0x08000190   0x00000000   Code   RO          152    .ARM.Collect$$$$00000008  mc_w.l(entry7b.o)
    0x08000190   0x08000190   0x00000000   Code   RO          154    .ARM.Collect$$$$0000000A  mc_w.l(entry8b.o)
    0x08000190   0x08000190   0x00000008   Code   RO          155    .ARM.Collect$$$$0000000B  mc_w.l(entry9a.o)
    0x08000198   0x08000198   0x00000000   Code   RO          157    .ARM.Collect$$$$0000000D  mc_w.l(entry10a.o)
    0x08000198   0x08000198   0x00000000   Code   RO          159    .ARM.Collect$$$$0000000F  mc_w.l(entry11a.o)
    0x08000198   0x08000198   0x00000004   Code   RO          148    .ARM.Collect$$$$00002712  mc_w.l(entry2.o)
    0x0800019c   0x0800019c   0x00000024   Code   RO           90  * .text               startup_stm32f407xx.o
    0x080001c0   0x080001c0   0x00000024   Code   RO          113    .text               mc_w.l(memseta.o)
    0x080001e4   0x080001e4   0x00000038   Code   RO          143    .text               mc_w.l(sscanf.o)
    0x0800021c   0x0800021c   0x00000026   Code   RO          145    .text               mf_w.l(f2d.o)
    0x08000242   0x08000242   0x0000002c   Code   RO          175    .text               mc_w.l(uidiv.o)
    0x0800026e   0x0800026e   0x00000062   Code   RO          177    .text               mc_w.l(uldiv.o)
    0x080002d0   0x080002d0   0x00000156   Code   RO          179    .text               mc_w.l(_scanf_longlong.o)
    0x08000426   0x08000426   0x0000014c   Code   RO          181    .text               mc_w.l(_scanf_int.o)
    0x08000572   0x08000572   0x000000e0   Code   RO          183    .text               mc_w.l(_scanf_str.o)
    0x08000652   0x08000652   0x00000002   PAD
    0x08000654   0x08000654   0x00000360   Code   RO          185    .text               mc_w.l(scanf_fp.o)
    0x080009b4   0x080009b4   0x00000028   Code   RO          189    .text               mc_w.l(scanf_char.o)
    0x080009dc   0x080009dc   0x00000040   Code   RO          191    .text               mc_w.l(_sgetc.o)
    0x08000a1c   0x08000a1c   0x00000000   Code   RO          193    .text               mc_w.l(iusefp.o)
    0x08000a1c   0x08000a1c   0x0000014e   Code   RO          194    .text               mf_w.l(dadd.o)
    0x08000b6a   0x08000b6a   0x000000e4   Code   RO          196    .text               mf_w.l(dmul.o)
    0x08000c4e   0x08000c4e   0x000000de   Code   RO          198    .text               mf_w.l(ddiv.o)
    0x08000d2c   0x08000d2c   0x00000030   Code   RO          200    .text               mf_w.l(dfixul.o)
    0x08000d5c   0x08000d5c   0x00000030   Code   RO          202    .text               mf_w.l(cdrcmple.o)
    0x08000d8c   0x08000d8c   0x00000030   Code   RO          204    .text               mc_w.l(init.o)
    0x08000dbc   0x08000dbc   0x0000001e   Code   RO          207    .text               mc_w.l(llshl.o)
    0x08000dda   0x08000dda   0x00000020   Code   RO          209    .text               mc_w.l(llushr.o)
    0x08000dfa   0x08000dfa   0x00000024   Code   RO          211    .text               mc_w.l(llsshr.o)
    0x08000e1e   0x08000e1e   0x0000000a   Code   RO          213    .text               mc_w.l(isspace_c.o)
    0x08000e28   0x08000e28   0x0000001c   Code   RO          215    .text               mc_w.l(_chval.o)
    0x08000e44   0x08000e44   0x0000032c   Code   RO          217    .text               mc_w.l(_scanf.o)
    0x08001170   0x08001170   0x000000ba   Code   RO          220    .text               mf_w.l(depilogue.o)
    0x0800122a   0x0800122a   0x00000018   Code   RO          222    .text               mf_w.l(dfltul.o)
    0x08001242   0x08001242   0x00000038   Code   RO          224    .text               mf_w.l(d2f.o)
    0x0800127a   0x0800127a   0x00000002   PAD
    0x0800127c   0x0800127c   0x00000028   Code   RO          226    .text               mc_w.l(ctype_c.o)
    0x080012a4   0x080012a4   0x0000006e   Code   RO          229    .text               mf_w.l(fepilogue.o)
    0x08001312   0x08001312   0x00000002   PAD
    0x08001314   0x08001314   0x0000002e   Code   RO           18    .text.Delay         main.o
    0x08001342   0x08001342   0x00000002   PAD
    0x08001344   0x08001344   0x00000120   Code   RO           16    .text.DrawVerticalBars  main.o
    0x08001464   0x08001464   0x00000072   Code   RO            8    .text.GPIO_Init     main.o
    0x080014d6   0x080014d6   0x00000002   PAD
    0x080014d8   0x080014d8   0x00000058   Code   RO           10    .text.I2C1_Init     main.o
    0x08001530   0x08001530   0x000000fc   Code   RO           26    .text.I2C1_WriteData  main.o
    0x0800162c   0x0800162c   0x0000004c   Code   RO           14    .text.Parse_Data    main.o
    0x08001678   0x08001678   0x0000006e   Code   RO           12    .text.SER_Init      main.o
    0x080016e6   0x080016e6   0x00000002   PAD
    0x080016e8   0x080016e8   0x00000014   Code   RO           67    .text.SSD1306_Clear  ssd1306.o
    0x080016fc   0x080016fc   0x0000011e   Code   RO           75    .text.SSD1306_DrawChar  ssd1306.o
    0x0800181a   0x0800181a   0x00000002   PAD
    0x0800181c   0x0800181c   0x0000008a   Code   RO           71    .text.SSD1306_DrawPixel  ssd1306.o
    0x080018a6   0x080018a6   0x00000002   PAD
    0x080018a8   0x080018a8   0x0000004e   Code   RO           77    .text.SSD1306_DrawString  ssd1306.o
    0x080018f6   0x080018f6   0x00000002   PAD
    0x080018f8   0x080018f8   0x000000dc   Code   RO           65    .text.SSD1306_Init  ssd1306.o
    0x080019d4   0x080019d4   0x00000022   Code   RO           73    .text.SSD1306_SetCursor  ssd1306.o
    0x080019f6   0x080019f6   0x00000002   PAD
    0x080019f8   0x080019f8   0x0000005a   Code   RO           69    .text.SSD1306_UpdateScreen  ssd1306.o
    0x08001a52   0x08001a52   0x00000002   PAD
    0x08001a54   0x08001a54   0x0000001a   Code   RO           61    .text.SSD1306_WriteCommand  ssd1306.o
    0x08001a6e   0x08001a6e   0x00000002   PAD
    0x08001a70   0x08001a70   0x00000052   Code   RO           22    .text.SysTick_Config  main.o
    0x08001ac2   0x08001ac2   0x00000002   PAD
    0x08001ac4   0x08001ac4   0x00000010   Code   RO           24    .text.SysTick_Handler  main.o
    0x08001ad4   0x08001ad4   0x00000010   Code   RO            6    .text.SysTick_Init  main.o
    0x08001ae4   0x08001ae4   0x000000a6   Code   RO            4    .text.SystemClock_Config  main.o
    0x08001b8a   0x08001b8a   0x00000002   PAD
    0x08001b8c   0x08001b8c   0x00000012   Code   RO           97    .text.SystemInit    system_stm32f4xx.o
    0x08001b9e   0x08001b9e   0x00000002   PAD
    0x08001ba0   0x08001ba0   0x00000088   Code   RO           20    .text.UART4_IRQHandler  main.o
    0x08001c28   0x08001c28   0x00000030   Code   RO           28    .text.__NVIC_EnableIRQ  main.o
    0x08001c58   0x08001c58   0x00000042   Code   RO           30    .text.__NVIC_SetPriority  main.o
    0x08001c9a   0x08001c9a   0x00000002   PAD
    0x08001c9c   0x08001c9c   0x00000388   Code   RO            2    .text.main          main.o
    0x08002024   0x08002024   0x00000028   Code   RO          118    i.__0sprintf        mc_w.l(printfa.o)
    0x0800204c   0x0800204c   0x0000000e   Code   RO          233    i.__scatterload_copy  mc_w.l(handlers.o)
    0x0800205a   0x0800205a   0x00000002   Code   RO          234    i.__scatterload_null  mc_w.l(handlers.o)
    0x0800205c   0x0800205c   0x0000000e   Code   RO          235    i.__scatterload_zeroinit  mc_w.l(handlers.o)
    0x0800206a   0x0800206a   0x00000002   PAD
    0x0800206c   0x0800206c   0x00000184   Code   RO          123    i._fp_digits        mc_w.l(printfa.o)
    0x080021f0   0x080021f0   0x0000000e   Code   RO          187    i._is_digit         mc_w.l(scanf_fp.o)
    0x080021fe   0x080021fe   0x00000002   PAD
    0x08002200   0x08002200   0x000006dc   Code   RO          124    i._printf_core      mc_w.l(printfa.o)
    0x080028dc   0x080028dc   0x00000024   Code   RO          125    i._printf_post_padding  mc_w.l(printfa.o)
    0x08002900   0x08002900   0x0000002e   Code   RO          126    i._printf_pre_padding  mc_w.l(printfa.o)
    0x0800292e   0x0800292e   0x0000000a   Code   RO          128    i._sputc            mc_w.l(printfa.o)
    0x08002938   0x08002938   0x00000040   Data   RO          227    .constdata          mc_w.l(ctype_c.o)
    0x08002978   0x08002978   0x00000d5c   Data   RO           54    .rodata.Font11x18   fonts.o
    0x080036d4   0x080036d4   0x0000076c   Data   RO           50    .rodata.Font7x10    fonts.o
    0x08003e40   0x08003e40   0x0000000c   Data   RO           52    .rodata.Font_11x18  fonts.o
    0x08003e4c   0x08003e4c   0x0000000c   Data   RO           51    .rodata.Font_7x10   fonts.o
    0x08003e58   0x08003e58   0x0000007d   Data   RO           40    .rodata.str1.1      main.o
    0x08003ed5   0x08003ed5   0x00000003   PAD
    0x08003ed8   0x08003ed8   0x00000010   Data   RO          232    Region$$Table       anon$$obj.o


    Execution Region ER_RW (Exec base: 0x20000000, Load base: 0x08003ee8, Size: 0x00000000, Max: 0xffffffff, ABSOLUTE)

    **** No section assigned to this execution region ****


    Execution Region ER_ZI (Exec base: 0x20000000, Load base: 0x08003ee8, Size: 0x00000888, Max: 0xffffffff, ABSOLUTE)

    Exec Addr    Load Addr    Size         Type   Attr      Idx    E Section Name        Object

    0x20000000        -       0x00000004   Zero   RW           80    .bss.SSD1306        ssd1306.o
    0x20000004        -       0x00000400   Zero   RW           79    .bss.SSD1306_Buffer  ssd1306.o
    0x20000404        -       0x00000001   Zero   RW           38    .bss.dataReady      main.o
    0x20000405   0x08003ee8   0x00000003   PAD
    0x20000408        -       0x00000004   Zero   RW           39    .bss.msTicks        main.o
    0x2000040c        -       0x00000004   Zero   RW           34    .bss.rem_Gas        main.o
    0x20000410        -       0x00000004   Zero   RW           33    .bss.rem_Press      main.o
    0x20000414        -       0x00000004   Zero   RW           35    .bss.rem_Sound      main.o
    0x20000418        -       0x00000004   Zero   RW           32    .bss.rem_Temp       main.o
    0x2000041c        -       0x00000001   Zero   RW           36    .bss.rem_Vibration  main.o
    0x2000041d        -       0x00000064   Zero   RW           41    .bss.rxBuffer       main.o
    0x20000481        -       0x00000001   Zero   RW           37    .bss.rxIndex        main.o
    0x20000482   0x08003ee8   0x00000006   PAD
    0x20000488        -       0x00000400   Zero   RW           87    STACK               startup_stm32f407xx.o


==============================================================================

Image component sizes


      Code (inc. data)   RO Data    RW Data    ZI Data      Debug   Object Name

         0          0       5344          0          0        841   fonts.o
      2408          4        125          0        123       8661   main.o
       892          0          0          0       1028       2680   ssd1306.o
        36          8        392          0       1024        848   startup_stm32f407xx.o
        18          0          0          0          0       2725   system_stm32f4xx.o

    ----------------------------------------------------------------------
      3380         12       5880          0       2184      15755   Object Totals
         0          0         16          0          0          0   (incl. Generated)
        26          0          3          0          9          0   (incl. Padding)

    ----------------------------------------------------------------------

      Code (inc. data)   RO Data    RW Data    ZI Data      Debug   Library Member Name

        28          0          0          0          0         68   _chval.o
       812          4          0          0          0        112   _scanf.o
       332          0          0          0          0         96   _scanf_int.o
       342          0          0          0          0        100   _scanf_longlong.o
       224          0          0          0          0         96   _scanf_str.o
        64          0          0          0          0         84   _sgetc.o
        40          6         64          0          0         68   ctype_c.o
         0          0          0          0          0          0   entry.o
         0          0          0          0          0          0   entry10a.o
         0          0          0          0          0          0   entry11a.o
         8          4          0          0          0          0   entry2.o
         4          0          0          0          0          0   entry5.o
         0          0          0          0          0          0   entry7b.o
         0          0          0          0          0          0   entry8b.o
         8          4          0          0          0          0   entry9a.o
        30          0          0          0          0          0   handlers.o
        48         10          0          0          0         68   init.o
        10          0          0          0          0         68   isspace_c.o
         0          0          0          0          0          0   iusefp.o
        30          0          0          0          0         68   llshl.o
        36          0          0          0          0         68   llsshr.o
        32          0          0          0          0         68   llushr.o
        36          0          0          0          0        108   memseta.o
      2276         86          0          0          0        520   printfa.o
        40          8          0          0          0         84   scanf_char.o
       878         12          0          0          0        216   scanf_fp.o
        56          8          0          0          0         84   sscanf.o
        44          0          0          0          0         80   uidiv.o
        98          0          0          0          0         92   uldiv.o
        48          0          0          0          0         68   cdrcmple.o
        56          0          0          0          0         88   d2f.o
       334          0          0          0          0        148   dadd.o
       222          0          0          0          0        100   ddiv.o
       186          0          0          0          0        176   depilogue.o
        48          0          0          0          0         68   dfixul.o
        24          0          0          0          0         76   dfltul.o
       228          0          0          0          0         96   dmul.o
        38          0          0          0          0         68   f2d.o
       110          0          0          0          0        168   fepilogue.o

    ----------------------------------------------------------------------
      6780        142         64          0          0       3204   Library Totals
        10          0          0          0          0          0   (incl. Padding)

    ----------------------------------------------------------------------

      Code (inc. data)   RO Data    RW Data    ZI Data      Debug   Library Name

      5476        142         64          0          0       2148   mc_w.l
      1294          0          0          0          0       1056   mf_w.l

    ----------------------------------------------------------------------
      6780        142         64          0          0       3204   Library Totals

    ----------------------------------------------------------------------

==============================================================================


      Code (inc. data)   RO Data    RW Data    ZI Data      Debug   

     10160        154       5944          0       2184      17459   Grand Totals
     10160        154       5944          0       2184      17459   ELF Image Totals
     10160        154       5944          0          0          0   ROM Totals

==============================================================================

    Total RO  Size (Code + RO Data)                16104 (  15.73kB)
    Total RW  Size (RW Data + ZI Data)              2184 (   2.13kB)
    Total ROM Size (Code + RO Data + RW Data)      16104 (  15.73kB)

==============================================================================

